[2021-11-12T02:40:44.122-0300][gc,heap] Heap region size: 1M
[2021-11-12T02:40:44.133-0300][gc     ] Using G1
[2021-11-12T02:40:44.133-0300][gc,heap,coops] Heap address: 0x00000007c0000000, size: 1024 MB, Compressed Oops mode: Zero based, Oop shift amount: 3
[2021-11-12T02:40:45.773-0300][gc,start     ] GC(0) Pause Young (Concurrent Start) (Metadata GC Threshold)
[2021-11-12T02:40:45.773-0300][gc,task      ] GC(0) Using 4 workers of 4 for evacuation
[2021-11-12T02:40:45.783-0300][gc,phases    ] GC(0)   Pre Evacuate Collection Set: 0.0ms
[2021-11-12T02:40:45.783-0300][gc,phases    ] GC(0)   Evacuate Collection Set: 9.2ms
[2021-11-12T02:40:45.783-0300][gc,phases    ] GC(0)   Post Evacuate Collection Set: 0.7ms
[2021-11-12T02:40:45.783-0300][gc,phases    ] GC(0)   Other: 0.5ms
[2021-11-12T02:40:45.783-0300][gc,heap      ] GC(0) Eden regions: 44->0(44)
[2021-11-12T02:40:45.783-0300][gc,heap      ] GC(0) Survivor regions: 0->7(7)
[2021-11-12T02:40:45.783-0300][gc,heap      ] GC(0) Old regions: 0->0
[2021-11-12T02:40:45.783-0300][gc,heap      ] GC(0) Humongous regions: 0->0
[2021-11-12T02:40:45.783-0300][gc,metaspace ] GC(0) Metaspace: 20703K->20703K(1069056K)
[2021-11-12T02:40:45.783-0300][gc           ] GC(0) Pause Young (Concurrent Start) (Metadata GC Threshold) 43M->6M(1024M) 10.763ms
[2021-11-12T02:40:45.783-0300][gc,cpu       ] GC(0) User=0.02s Sys=0.01s Real=0.01s
[2021-11-12T02:40:45.783-0300][gc           ] GC(1) Concurrent Cycle
[2021-11-12T02:40:45.784-0300][gc,marking   ] GC(1) Concurrent Clear Claimed Marks
[2021-11-12T02:40:45.784-0300][gc,marking   ] GC(1) Concurrent Clear Claimed Marks 0.177ms
[2021-11-12T02:40:45.784-0300][gc,marking   ] GC(1) Concurrent Scan Root Regions
[2021-11-12T02:40:45.788-0300][gc,marking   ] GC(1) Concurrent Scan Root Regions 4.143ms
[2021-11-12T02:40:45.788-0300][gc,marking   ] GC(1) Concurrent Mark (1.678s)
[2021-11-12T02:40:45.788-0300][gc,marking   ] GC(1) Concurrent Mark From Roots
[2021-11-12T02:40:45.788-0300][gc,task      ] GC(1) Using 1 workers of 1 for marking
[2021-11-12T02:40:45.788-0300][gc,marking   ] GC(1) Concurrent Mark From Roots 0.441ms
[2021-11-12T02:40:45.788-0300][gc,marking   ] GC(1) Concurrent Preclean
[2021-11-12T02:40:45.789-0300][gc,marking   ] GC(1) Concurrent Preclean 0.033ms
[2021-11-12T02:40:45.789-0300][gc,marking   ] GC(1) Concurrent Mark (1.678s, 1.679s) 0.581ms
[2021-11-12T02:40:45.789-0300][gc,start     ] GC(1) Pause Remark
[2021-11-12T02:40:45.791-0300][gc,stringtable] GC(1) Cleaned string and symbol table, strings: 7200 processed, 0 removed, symbols: 63509 processed, 31 removed
[2021-11-12T02:40:45.791-0300][gc            ] GC(1) Pause Remark 7M->7M(1024M) 2.545ms
[2021-11-12T02:40:45.791-0300][gc,cpu        ] GC(1) User=0.01s Sys=0.00s Real=0.01s
[2021-11-12T02:40:45.791-0300][gc,marking    ] GC(1) Concurrent Rebuild Remembered Sets
[2021-11-12T02:40:45.792-0300][gc,marking    ] GC(1) Concurrent Rebuild Remembered Sets 0.171ms
[2021-11-12T02:40:45.792-0300][gc,start      ] GC(1) Pause Cleanup
[2021-11-12T02:40:45.792-0300][gc            ] GC(1) Pause Cleanup 7M->7M(1024M) 0.139ms
[2021-11-12T02:40:45.792-0300][gc,cpu        ] GC(1) User=0.00s Sys=0.00s Real=0.00s
[2021-11-12T02:40:45.792-0300][gc,marking    ] GC(1) Concurrent Cleanup for Next Mark
[2021-11-12T02:40:45.801-0300][gc,marking    ] GC(1) Concurrent Cleanup for Next Mark 8.722ms
[2021-11-12T02:40:45.801-0300][gc            ] GC(1) Concurrent Cycle 17.204ms
[2021-11-12T02:40:47.058-0300][gc,start      ] GC(2) Pause Young (Normal) (G1 Evacuation Pause)
[2021-11-12T02:40:47.058-0300][gc,task       ] GC(2) Using 4 workers of 4 for evacuation
[2021-11-12T02:40:47.073-0300][gc,phases     ] GC(2)   Pre Evacuate Collection Set: 0.1ms
[2021-11-12T02:40:47.073-0300][gc,phases     ] GC(2)   Evacuate Collection Set: 14.4ms
[2021-11-12T02:40:47.073-0300][gc,phases     ] GC(2)   Post Evacuate Collection Set: 0.7ms
[2021-11-12T02:40:47.073-0300][gc,phases     ] GC(2)   Other: 0.2ms
[2021-11-12T02:40:47.073-0300][gc,heap       ] GC(2) Eden regions: 44->0(49)
[2021-11-12T02:40:47.073-0300][gc,heap       ] GC(2) Survivor regions: 7->2(7)
[2021-11-12T02:40:47.074-0300][gc,heap       ] GC(2) Old regions: 0->7
[2021-11-12T02:40:47.074-0300][gc,heap       ] GC(2) Humongous regions: 0->0
[2021-11-12T02:40:47.074-0300][gc,metaspace  ] GC(2) Metaspace: 30500K->30500K(1077248K)
[2021-11-12T02:40:47.074-0300][gc            ] GC(2) Pause Young (Normal) (G1 Evacuation Pause) 50M->8M(1024M) 15.584ms
[2021-11-12T02:40:47.074-0300][gc,cpu        ] GC(2) User=0.05s Sys=0.00s Real=0.02s
[2021-11-12T02:40:48.347-0300][gc,start      ] GC(3) Pause Young (Concurrent Start) (Metadata GC Threshold)
[2021-11-12T02:40:48.348-0300][gc,task       ] GC(3) Using 4 workers of 4 for evacuation
[2021-11-12T02:40:48.352-0300][gc,phases     ] GC(3)   Pre Evacuate Collection Set: 0.1ms
[2021-11-12T02:40:48.352-0300][gc,phases     ] GC(3)   Evacuate Collection Set: 3.9ms
[2021-11-12T02:40:48.352-0300][gc,phases     ] GC(3)   Post Evacuate Collection Set: 0.3ms
[2021-11-12T02:40:48.352-0300][gc,phases     ] GC(3)   Other: 0.2ms
[2021-11-12T02:40:48.352-0300][gc,heap       ] GC(3) Eden regions: 27->0(47)
[2021-11-12T02:40:48.352-0300][gc,heap       ] GC(3) Survivor regions: 2->4(7)
[2021-11-12T02:40:48.352-0300][gc,heap       ] GC(3) Old regions: 7->7
[2021-11-12T02:40:48.352-0300][gc,heap       ] GC(3) Humongous regions: 129->129
[2021-11-12T02:40:48.352-0300][gc,metaspace  ] GC(3) Metaspace: 34498K->34498K(1081344K)
[2021-11-12T02:40:48.352-0300][gc            ] GC(3) Pause Young (Concurrent Start) (Metadata GC Threshold) 163M->138M(1024M) 4.676ms
[2021-11-12T02:40:48.352-0300][gc,cpu        ] GC(3) User=0.02s Sys=0.00s Real=0.01s
[2021-11-12T02:40:48.352-0300][gc            ] GC(4) Concurrent Cycle
[2021-11-12T02:40:48.352-0300][gc,marking    ] GC(4) Concurrent Clear Claimed Marks
[2021-11-12T02:40:48.352-0300][gc,marking    ] GC(4) Concurrent Clear Claimed Marks 0.077ms
[2021-11-12T02:40:48.352-0300][gc,marking    ] GC(4) Concurrent Scan Root Regions
[2021-11-12T02:40:48.356-0300][gc,marking    ] GC(4) Concurrent Scan Root Regions 3.157ms
[2021-11-12T02:40:48.356-0300][gc,marking    ] GC(4) Concurrent Mark (4.246s)
[2021-11-12T02:40:48.356-0300][gc,marking    ] GC(4) Concurrent Mark From Roots
[2021-11-12T02:40:48.356-0300][gc,task       ] GC(4) Using 1 workers of 1 for marking
[2021-11-12T02:40:48.365-0300][gc,marking    ] GC(4) Concurrent Mark From Roots 9.638ms
[2021-11-12T02:40:48.365-0300][gc,marking    ] GC(4) Concurrent Preclean
[2021-11-12T02:40:48.365-0300][gc,marking    ] GC(4) Concurrent Preclean 0.077ms
[2021-11-12T02:40:48.365-0300][gc,marking    ] GC(4) Concurrent Mark (4.246s, 4.256s) 9.794ms
[2021-11-12T02:40:48.365-0300][gc,start      ] GC(4) Pause Remark
[2021-11-12T02:40:48.369-0300][gc,stringtable] GC(4) Cleaned string and symbol table, strings: 10593 processed, 8 removed, symbols: 94751 processed, 24 removed
[2021-11-12T02:40:48.369-0300][gc            ] GC(4) Pause Remark 140M->140M(1024M) 3.815ms
[2021-11-12T02:40:48.369-0300][gc,cpu        ] GC(4) User=0.01s Sys=0.00s Real=0.00s
[2021-11-12T02:40:48.369-0300][gc,marking    ] GC(4) Concurrent Rebuild Remembered Sets
[2021-11-12T02:40:48.375-0300][gc,marking    ] GC(4) Concurrent Rebuild Remembered Sets 6.054ms
[2021-11-12T02:40:48.376-0300][gc,start      ] GC(4) Pause Cleanup
[2021-11-12T02:40:48.376-0300][gc            ] GC(4) Pause Cleanup 140M->140M(1024M) 0.130ms
[2021-11-12T02:40:48.376-0300][gc,cpu        ] GC(4) User=0.00s Sys=0.00s Real=0.00s
[2021-11-12T02:40:48.376-0300][gc,marking    ] GC(4) Concurrent Cleanup for Next Mark
[2021-11-12T02:40:48.384-0300][gc,marking    ] GC(4) Concurrent Cleanup for Next Mark 8.518ms
[2021-11-12T02:40:48.384-0300][gc            ] GC(4) Concurrent Cycle 32.172ms
[2021-11-12T02:40:49.414-0300][gc,start      ] GC(5) Pause Young (Normal) (G1 Evacuation Pause)
[2021-11-12T02:40:49.414-0300][gc,task       ] GC(5) Using 4 workers of 4 for evacuation
[2021-11-12T02:40:49.427-0300][gc,phases     ] GC(5)   Pre Evacuate Collection Set: 0.0ms
[2021-11-12T02:40:49.427-0300][gc,phases     ] GC(5)   Evacuate Collection Set: 11.7ms
[2021-11-12T02:40:49.427-0300][gc,phases     ] GC(5)   Post Evacuate Collection Set: 0.6ms
[2021-11-12T02:40:49.427-0300][gc,phases     ] GC(5)   Other: 0.3ms
[2021-11-12T02:40:49.427-0300][gc,heap       ] GC(5) Eden regions: 47->0(44)
[2021-11-12T02:40:49.427-0300][gc,heap       ] GC(5) Survivor regions: 4->7(7)
[2021-11-12T02:40:49.427-0300][gc,heap       ] GC(5) Old regions: 7->7
[2021-11-12T02:40:49.427-0300][gc,heap       ] GC(5) Humongous regions: 129->129
[2021-11-12T02:40:49.427-0300][gc,metaspace  ] GC(5) Metaspace: 42480K->42480K(1087488K)
[2021-11-12T02:40:49.427-0300][gc            ] GC(5) Pause Young (Normal) (G1 Evacuation Pause) 185M->142M(1024M) 12.833ms
[2021-11-12T02:40:49.427-0300][gc,cpu        ] GC(5) User=0.04s Sys=0.01s Real=0.01s
[2021-11-12T02:41:44.052-0300][gc,start      ] GC(6) Pause Young (Normal) (G1 Evacuation Pause)
[2021-11-12T02:41:44.052-0300][gc,task       ] GC(6) Using 4 workers of 4 for evacuation
[2021-11-12T02:41:44.080-0300][gc,mmu        ] GC(6) MMU target violated: 21.0ms (20.0ms/21.0ms)
[2021-11-12T02:41:44.080-0300][gc,phases     ] GC(6)   Pre Evacuate Collection Set: 0.0ms
[2021-11-12T02:41:44.081-0300][gc,phases     ] GC(6)   Evacuate Collection Set: 27.1ms
[2021-11-12T02:41:44.081-0300][gc,phases     ] GC(6)   Post Evacuate Collection Set: 1.0ms
[2021-11-12T02:41:44.081-0300][gc,phases     ] GC(6)   Other: 0.3ms
[2021-11-12T02:41:44.081-0300][gc,heap       ] GC(6) Eden regions: 44->0(48)
[2021-11-12T02:41:44.081-0300][gc,heap       ] GC(6) Survivor regions: 7->3(7)
[2021-11-12T02:41:44.081-0300][gc,heap       ] GC(6) Old regions: 7->13
[2021-11-12T02:41:44.081-0300][gc,heap       ] GC(6) Humongous regions: 159->129
[2021-11-12T02:41:44.081-0300][gc,metaspace  ] GC(6) Metaspace: 49750K->49750K(1093632K)
[2021-11-12T02:41:44.081-0300][gc            ] GC(6) Pause Young (Normal) (G1 Evacuation Pause) 216M->144M(1024M) 28.693ms
[2021-11-12T02:41:44.081-0300][gc,cpu        ] GC(6) User=0.04s Sys=0.00s Real=0.03s
[2021-11-12T02:56:59.369-0300][gc,start      ] GC(7) Pause Young (Normal) (G1 Evacuation Pause)
[2021-11-12T02:56:59.369-0300][gc,task       ] GC(7) Using 4 workers of 4 for evacuation
[2021-11-12T02:56:59.379-0300][gc,phases     ] GC(7)   Pre Evacuate Collection Set: 0.0ms
[2021-11-12T02:56:59.379-0300][gc,phases     ] GC(7)   Evacuate Collection Set: 8.5ms
[2021-11-12T02:56:59.379-0300][gc,phases     ] GC(7)   Post Evacuate Collection Set: 0.6ms
[2021-11-12T02:56:59.379-0300][gc,phases     ] GC(7)   Other: 0.3ms
[2021-11-12T02:56:59.379-0300][gc,heap       ] GC(7) Eden regions: 48->0(46)
[2021-11-12T02:56:59.379-0300][gc,heap       ] GC(7) Survivor regions: 3->5(7)
[2021-11-12T02:56:59.379-0300][gc,heap       ] GC(7) Old regions: 13->13
[2021-11-12T02:56:59.379-0300][gc,heap       ] GC(7) Humongous regions: 129->129
[2021-11-12T02:56:59.379-0300][gc,metaspace  ] GC(7) Metaspace: 51031K->51031K(1095680K)
[2021-11-12T02:56:59.379-0300][gc            ] GC(7) Pause Young (Normal) (G1 Evacuation Pause) 192M->146M(1024M) 9.676ms
[2021-11-12T02:56:59.379-0300][gc,cpu        ] GC(7) User=0.04s Sys=0.00s Real=0.01s
[2021-11-12T03:15:21.159-0300][gc,start      ] GC(8) Pause Young (Normal) (G1 Evacuation Pause)
[2021-11-12T03:15:21.160-0300][gc,task       ] GC(8) Using 4 workers of 4 for evacuation
[2021-11-12T03:15:21.169-0300][gc,phases     ] GC(8)   Pre Evacuate Collection Set: 0.0ms
[2021-11-12T03:15:21.169-0300][gc,phases     ] GC(8)   Evacuate Collection Set: 7.3ms
[2021-11-12T03:15:21.169-0300][gc,phases     ] GC(8)   Post Evacuate Collection Set: 0.7ms
[2021-11-12T03:15:21.169-0300][gc,phases     ] GC(8)   Other: 1.3ms
[2021-11-12T03:15:21.169-0300][gc,heap       ] GC(8) Eden regions: 46->0(49)
[2021-11-12T03:15:21.169-0300][gc,heap       ] GC(8) Survivor regions: 5->2(7)
[2021-11-12T03:15:21.169-0300][gc,heap       ] GC(8) Old regions: 13->15
[2021-11-12T03:15:21.169-0300][gc,heap       ] GC(8) Humongous regions: 129->129
[2021-11-12T03:15:21.169-0300][gc,metaspace  ] GC(8) Metaspace: 51210K->51210K(1095680K)
[2021-11-12T03:15:21.169-0300][gc            ] GC(8) Pause Young (Normal) (G1 Evacuation Pause) 192M->145M(1024M) 9.516ms
[2021-11-12T03:15:21.169-0300][gc,cpu        ] GC(8) User=0.03s Sys=0.00s Real=0.01s
[2021-11-12T11:20:54.963-0300][gc,start      ] GC(9) Pause Young (Normal) (G1 Evacuation Pause)
[2021-11-12T11:20:54.963-0300][gc,task       ] GC(9) Using 4 workers of 4 for evacuation
[2021-11-12T11:20:54.968-0300][gc,phases     ] GC(9)   Pre Evacuate Collection Set: 0.0ms
[2021-11-12T11:20:54.968-0300][gc,phases     ] GC(9)   Evacuate Collection Set: 4.6ms
[2021-11-12T11:20:54.968-0300][gc,phases     ] GC(9)   Post Evacuate Collection Set: 0.4ms
[2021-11-12T11:20:54.968-0300][gc,phases     ] GC(9)   Other: 0.3ms
[2021-11-12T11:20:54.968-0300][gc,heap       ] GC(9) Eden regions: 49->0(49)
[2021-11-12T11:20:54.968-0300][gc,heap       ] GC(9) Survivor regions: 2->2(7)
[2021-11-12T11:20:54.968-0300][gc,heap       ] GC(9) Old regions: 15->15
[2021-11-12T11:20:54.968-0300][gc,heap       ] GC(9) Humongous regions: 129->129
[2021-11-12T11:20:54.969-0300][gc,metaspace  ] GC(9) Metaspace: 51581K->51581K(1095680K)
[2021-11-12T11:20:54.969-0300][gc            ] GC(9) Pause Young (Normal) (G1 Evacuation Pause) 194M->145M(1024M) 5.508ms
[2021-11-12T11:20:54.969-0300][gc,cpu        ] GC(9) User=0.02s Sys=0.00s Real=0.00s
[2021-11-12T12:01:04.766-0300][gc,start      ] GC(10) Pause Young (Normal) (G1 Evacuation Pause)
[2021-11-12T12:01:04.766-0300][gc,task       ] GC(10) Using 4 workers of 4 for evacuation
[2021-11-12T12:01:04.770-0300][gc,phases     ] GC(10)   Pre Evacuate Collection Set: 0.0ms
[2021-11-12T12:01:04.770-0300][gc,phases     ] GC(10)   Evacuate Collection Set: 3.4ms
[2021-11-12T12:01:04.770-0300][gc,phases     ] GC(10)   Post Evacuate Collection Set: 0.3ms
[2021-11-12T12:01:04.770-0300][gc,phases     ] GC(10)   Other: 0.3ms
[2021-11-12T12:01:04.770-0300][gc,heap       ] GC(10) Eden regions: 49->0(49)
[2021-11-12T12:01:04.770-0300][gc,heap       ] GC(10) Survivor regions: 2->2(7)
[2021-11-12T12:01:04.770-0300][gc,heap       ] GC(10) Old regions: 15->15
[2021-11-12T12:01:04.770-0300][gc,heap       ] GC(10) Humongous regions: 129->129
[2021-11-12T12:01:04.770-0300][gc,metaspace  ] GC(10) Metaspace: 51604K->51604K(1095680K)
[2021-11-12T12:01:04.770-0300][gc            ] GC(10) Pause Young (Normal) (G1 Evacuation Pause) 194M->145M(1024M) 4.205ms
[2021-11-12T12:01:04.770-0300][gc,cpu        ] GC(10) User=0.01s Sys=0.00s Real=0.01s
[2021-11-12T14:27:36.687-0300][gc,start      ] GC(11) Pause Young (Normal) (G1 Evacuation Pause)
[2021-11-12T14:27:36.687-0300][gc,task       ] GC(11) Using 4 workers of 4 for evacuation
[2021-11-12T14:27:36.692-0300][gc,phases     ] GC(11)   Pre Evacuate Collection Set: 0.0ms
[2021-11-12T14:27:36.692-0300][gc,phases     ] GC(11)   Evacuate Collection Set: 4.3ms
[2021-11-12T14:27:36.692-0300][gc,phases     ] GC(11)   Post Evacuate Collection Set: 0.4ms
[2021-11-12T14:27:36.692-0300][gc,phases     ] GC(11)   Other: 0.4ms
[2021-11-12T14:27:36.692-0300][gc,heap       ] GC(11) Eden regions: 49->0(49)
[2021-11-12T14:27:36.692-0300][gc,heap       ] GC(11) Survivor regions: 2->2(7)
[2021-11-12T14:27:36.692-0300][gc,heap       ] GC(11) Old regions: 15->15
[2021-11-12T14:27:36.692-0300][gc,heap       ] GC(11) Humongous regions: 129->129
[2021-11-12T14:27:36.692-0300][gc,metaspace  ] GC(11) Metaspace: 51636K->51636K(1095680K)
[2021-11-12T14:27:36.692-0300][gc            ] GC(11) Pause Young (Normal) (G1 Evacuation Pause) 194M->145M(1024M) 5.269ms
[2021-11-12T14:27:36.692-0300][gc,cpu        ] GC(11) User=0.02s Sys=0.00s Real=0.01s
[2021-11-12T15:07:08.825-0300][gc,start      ] GC(12) Pause Young (Normal) (G1 Evacuation Pause)
[2021-11-12T15:07:08.825-0300][gc,task       ] GC(12) Using 4 workers of 4 for evacuation
[2021-11-12T15:07:08.830-0300][gc,phases     ] GC(12)   Pre Evacuate Collection Set: 0.0ms
[2021-11-12T15:07:08.830-0300][gc,phases     ] GC(12)   Evacuate Collection Set: 4.5ms
[2021-11-12T15:07:08.830-0300][gc,phases     ] GC(12)   Post Evacuate Collection Set: 0.4ms
[2021-11-12T15:07:08.830-0300][gc,phases     ] GC(12)   Other: 0.3ms
[2021-11-12T15:07:08.830-0300][gc,heap       ] GC(12) Eden regions: 49->0(51)
[2021-11-12T15:07:08.830-0300][gc,heap       ] GC(12) Survivor regions: 2->2(7)
[2021-11-12T15:07:08.830-0300][gc,heap       ] GC(12) Old regions: 15->15
[2021-11-12T15:07:08.830-0300][gc,heap       ] GC(12) Humongous regions: 129->129
[2021-11-12T15:07:08.830-0300][gc,metaspace  ] GC(12) Metaspace: 51655K->51655K(1095680K)
[2021-11-12T15:07:08.830-0300][gc            ] GC(12) Pause Young (Normal) (G1 Evacuation Pause) 194M->145M(1024M) 5.460ms
[2021-11-12T15:07:08.830-0300][gc,cpu        ] GC(12) User=0.02s Sys=0.00s Real=0.01s
[2021-11-12T15:48:44.772-0300][gc,start      ] GC(13) Pause Young (Normal) (G1 Evacuation Pause)
[2021-11-12T15:48:44.772-0300][gc,task       ] GC(13) Using 4 workers of 4 for evacuation
[2021-11-12T15:48:44.777-0300][gc,phases     ] GC(13)   Pre Evacuate Collection Set: 0.0ms
[2021-11-12T15:48:44.777-0300][gc,phases     ] GC(13)   Evacuate Collection Set: 4.7ms
[2021-11-12T15:48:44.777-0300][gc,phases     ] GC(13)   Post Evacuate Collection Set: 0.4ms
[2021-11-12T15:48:44.777-0300][gc,phases     ] GC(13)   Other: 0.4ms
[2021-11-12T15:48:44.777-0300][gc,heap       ] GC(13) Eden regions: 51->0(53)
[2021-11-12T15:48:44.777-0300][gc,heap       ] GC(13) Survivor regions: 2->2(7)
[2021-11-12T15:48:44.777-0300][gc,heap       ] GC(13) Old regions: 15->15
[2021-11-12T15:48:44.777-0300][gc,heap       ] GC(13) Humongous regions: 129->129
[2021-11-12T15:48:44.777-0300][gc,metaspace  ] GC(13) Metaspace: 51656K->51656K(1095680K)
[2021-11-12T15:48:44.778-0300][gc            ] GC(13) Pause Young (Normal) (G1 Evacuation Pause) 196M->145M(1024M) 5.648ms
[2021-11-12T15:48:44.778-0300][gc,cpu        ] GC(13) User=0.01s Sys=0.00s Real=0.00s
[2021-11-12T16:32:16.509-0300][gc,start      ] GC(14) Pause Young (Normal) (G1 Evacuation Pause)
[2021-11-12T16:32:16.509-0300][gc,task       ] GC(14) Using 4 workers of 4 for evacuation
[2021-11-12T16:32:16.514-0300][gc,phases     ] GC(14)   Pre Evacuate Collection Set: 0.0ms
[2021-11-12T16:32:16.514-0300][gc,phases     ] GC(14)   Evacuate Collection Set: 4.5ms
[2021-11-12T16:32:16.514-0300][gc,phases     ] GC(14)   Post Evacuate Collection Set: 0.3ms
[2021-11-12T16:32:16.514-0300][gc,phases     ] GC(14)   Other: 0.3ms
[2021-11-12T16:32:16.514-0300][gc,heap       ] GC(14) Eden regions: 53->0(55)
[2021-11-12T16:32:16.514-0300][gc,heap       ] GC(14) Survivor regions: 2->2(7)
[2021-11-12T16:32:16.514-0300][gc,heap       ] GC(14) Old regions: 15->15
[2021-11-12T16:32:16.514-0300][gc,heap       ] GC(14) Humongous regions: 129->129
[2021-11-12T16:32:16.514-0300][gc,metaspace  ] GC(14) Metaspace: 51675K->51675K(1095680K)
[2021-11-12T16:32:16.514-0300][gc            ] GC(14) Pause Young (Normal) (G1 Evacuation Pause) 198M->145M(1024M) 5.337ms
[2021-11-12T16:32:16.514-0300][gc,cpu        ] GC(14) User=0.02s Sys=0.00s Real=0.01s
[2021-11-12T17:17:41.268-0300][gc,start      ] GC(15) Pause Young (Normal) (G1 Evacuation Pause)
[2021-11-12T17:17:41.269-0300][gc,task       ] GC(15) Using 4 workers of 4 for evacuation
[2021-11-12T17:17:41.275-0300][gc,phases     ] GC(15)   Pre Evacuate Collection Set: 0.0ms
[2021-11-12T17:17:41.275-0300][gc,phases     ] GC(15)   Evacuate Collection Set: 4.7ms
[2021-11-12T17:17:41.275-0300][gc,phases     ] GC(15)   Post Evacuate Collection Set: 0.4ms
[2021-11-12T17:17:41.275-0300][gc,phases     ] GC(15)   Other: 1.9ms
[2021-11-12T17:17:41.275-0300][gc,heap       ] GC(15) Eden regions: 55->0(58)
[2021-11-12T17:17:41.275-0300][gc,heap       ] GC(15) Survivor regions: 2->2(8)
[2021-11-12T17:17:41.275-0300][gc,heap       ] GC(15) Old regions: 15->15
[2021-11-12T17:17:41.275-0300][gc,heap       ] GC(15) Humongous regions: 129->129
[2021-11-12T17:17:41.275-0300][gc,metaspace  ] GC(15) Metaspace: 51676K->51676K(1095680K)
[2021-11-12T17:17:41.275-0300][gc            ] GC(15) Pause Young (Normal) (G1 Evacuation Pause) 200M->145M(1024M) 7.209ms
[2021-11-12T17:17:41.275-0300][gc,cpu        ] GC(15) User=0.02s Sys=0.00s Real=0.01s
[2021-11-12T18:05:16.370-0300][gc,start      ] GC(16) Pause Young (Normal) (G1 Evacuation Pause)
[2021-11-12T18:05:16.374-0300][gc,task       ] GC(16) Using 4 workers of 4 for evacuation
[2021-11-12T18:05:16.379-0300][gc,phases     ] GC(16)   Pre Evacuate Collection Set: 0.0ms
[2021-11-12T18:05:16.379-0300][gc,phases     ] GC(16)   Evacuate Collection Set: 4.6ms
[2021-11-12T18:05:16.379-0300][gc,phases     ] GC(16)   Post Evacuate Collection Set: 0.5ms
[2021-11-12T18:05:16.379-0300][gc,phases     ] GC(16)   Other: 3.7ms
[2021-11-12T18:05:16.379-0300][gc,heap       ] GC(16) Eden regions: 58->0(61)
[2021-11-12T18:05:16.379-0300][gc,heap       ] GC(16) Survivor regions: 2->2(8)
[2021-11-12T18:05:16.379-0300][gc,heap       ] GC(16) Old regions: 15->15
[2021-11-12T18:05:16.379-0300][gc,heap       ] GC(16) Humongous regions: 129->129
[2021-11-12T18:05:16.379-0300][gc,metaspace  ] GC(16) Metaspace: 51678K->51678K(1095680K)
[2021-11-12T18:05:16.379-0300][gc            ] GC(16) Pause Young (Normal) (G1 Evacuation Pause) 203M->145M(1024M) 8.890ms
[2021-11-12T18:05:16.379-0300][gc,cpu        ] GC(16) User=0.02s Sys=0.00s Real=0.00s
[2021-11-12T18:55:56.302-0300][gc,start      ] GC(17) Pause Young (Normal) (G1 Evacuation Pause)
[2021-11-12T18:55:56.302-0300][gc,task       ] GC(17) Using 4 workers of 4 for evacuation
[2021-11-12T18:55:56.308-0300][gc,phases     ] GC(17)   Pre Evacuate Collection Set: 0.0ms
[2021-11-12T18:55:56.308-0300][gc,phases     ] GC(17)   Evacuate Collection Set: 5.3ms
[2021-11-12T18:55:56.308-0300][gc,phases     ] GC(17)   Post Evacuate Collection Set: 0.4ms
[2021-11-12T18:55:56.308-0300][gc,phases     ] GC(17)   Other: 0.3ms
[2021-11-12T18:55:56.308-0300][gc,heap       ] GC(17) Eden regions: 61->0(65)
[2021-11-12T18:55:56.308-0300][gc,heap       ] GC(17) Survivor regions: 2->2(8)
[2021-11-12T18:55:56.308-0300][gc,heap       ] GC(17) Old regions: 15->15
[2021-11-12T18:55:56.308-0300][gc,heap       ] GC(17) Humongous regions: 129->129
[2021-11-12T18:55:56.308-0300][gc,metaspace  ] GC(17) Metaspace: 51692K->51692K(1095680K)
[2021-11-12T18:55:56.308-0300][gc            ] GC(17) Pause Young (Normal) (G1 Evacuation Pause) 206M->145M(1024M) 6.315ms
[2021-11-12T18:55:56.308-0300][gc,cpu        ] GC(17) User=0.02s Sys=0.00s Real=0.00s
[2021-11-12T19:49:51.228-0300][gc,start      ] GC(18) Pause Young (Normal) (G1 Evacuation Pause)
[2021-11-12T19:49:51.231-0300][gc,task       ] GC(18) Using 4 workers of 4 for evacuation
[2021-11-12T19:49:51.237-0300][gc,phases     ] GC(18)   Pre Evacuate Collection Set: 0.0ms
[2021-11-12T19:49:51.238-0300][gc,phases     ] GC(18)   Evacuate Collection Set: 5.1ms
[2021-11-12T19:49:51.238-0300][gc,phases     ] GC(18)   Post Evacuate Collection Set: 0.5ms
[2021-11-12T19:49:51.238-0300][gc,phases     ] GC(18)   Other: 3.9ms
[2021-11-12T19:49:51.238-0300][gc,heap       ] GC(18) Eden regions: 65->0(69)
[2021-11-12T19:49:51.238-0300][gc,heap       ] GC(18) Survivor regions: 2->2(9)
[2021-11-12T19:49:51.238-0300][gc,heap       ] GC(18) Old regions: 15->15
[2021-11-12T19:49:51.238-0300][gc,heap       ] GC(18) Humongous regions: 129->129
[2021-11-12T19:49:51.238-0300][gc,metaspace  ] GC(18) Metaspace: 51692K->51692K(1095680K)
[2021-11-12T19:49:51.238-0300][gc            ] GC(18) Pause Young (Normal) (G1 Evacuation Pause) 210M->145M(1024M) 9.774ms
[2021-11-12T19:49:51.238-0300][gc,cpu        ] GC(18) User=0.02s Sys=0.01s Real=0.01s
[2021-11-12T20:46:50.087-0300][gc,start      ] GC(19) Pause Young (Normal) (G1 Evacuation Pause)
[2021-11-12T20:46:50.087-0300][gc,task       ] GC(19) Using 4 workers of 4 for evacuation
[2021-11-12T20:46:50.093-0300][gc,phases     ] GC(19)   Pre Evacuate Collection Set: 0.0ms
[2021-11-12T20:46:50.093-0300][gc,phases     ] GC(19)   Evacuate Collection Set: 4.8ms
[2021-11-12T20:46:50.093-0300][gc,phases     ] GC(19)   Post Evacuate Collection Set: 0.3ms
[2021-11-12T20:46:50.093-0300][gc,phases     ] GC(19)   Other: 0.7ms
[2021-11-12T20:46:50.093-0300][gc,heap       ] GC(19) Eden regions: 69->0(73)
[2021-11-12T20:46:50.093-0300][gc,heap       ] GC(19) Survivor regions: 2->2(9)
[2021-11-12T20:46:50.093-0300][gc,heap       ] GC(19) Old regions: 15->15
[2021-11-12T20:46:50.093-0300][gc,heap       ] GC(19) Humongous regions: 129->129
[2021-11-12T20:46:50.093-0300][gc,metaspace  ] GC(19) Metaspace: 51719K->51719K(1095680K)
[2021-11-12T20:46:50.093-0300][gc            ] GC(19) Pause Young (Normal) (G1 Evacuation Pause) 214M->145M(1024M) 6.138ms
[2021-11-12T20:46:50.093-0300][gc,cpu        ] GC(19) User=0.02s Sys=0.01s Real=0.01s
[2021-11-12T21:47:38.263-0300][gc,start      ] GC(20) Pause Young (Normal) (G1 Evacuation Pause)
[2021-11-12T21:47:38.263-0300][gc,task       ] GC(20) Using 4 workers of 4 for evacuation
[2021-11-12T21:47:38.268-0300][gc,phases     ] GC(20)   Pre Evacuate Collection Set: 0.0ms
[2021-11-12T21:47:38.268-0300][gc,phases     ] GC(20)   Evacuate Collection Set: 4.8ms
[2021-11-12T21:47:38.268-0300][gc,phases     ] GC(20)   Post Evacuate Collection Set: 0.4ms
[2021-11-12T21:47:38.269-0300][gc,phases     ] GC(20)   Other: 0.5ms
[2021-11-12T21:47:38.269-0300][gc,heap       ] GC(20) Eden regions: 73->0(77)
[2021-11-12T21:47:38.269-0300][gc,heap       ] GC(20) Survivor regions: 2->2(10)
[2021-11-12T21:47:38.269-0300][gc,heap       ] GC(20) Old regions: 15->15
[2021-11-12T21:47:38.269-0300][gc,heap       ] GC(20) Humongous regions: 129->129
[2021-11-12T21:47:38.269-0300][gc,metaspace  ] GC(20) Metaspace: 51719K->51719K(1095680K)
[2021-11-12T21:47:38.269-0300][gc            ] GC(20) Pause Young (Normal) (G1 Evacuation Pause) 218M->145M(1024M) 5.931ms
[2021-11-12T21:47:38.269-0300][gc,cpu        ] GC(20) User=0.01s Sys=0.00s Real=0.00s
[2021-11-12T22:43:31.242-0300][gc,start      ] GC(21) Pause Young (Normal) (G1 Evacuation Pause)
[2021-11-12T22:43:31.242-0300][gc,task       ] GC(21) Using 4 workers of 4 for evacuation
[2021-11-12T22:43:31.248-0300][gc,phases     ] GC(21)   Pre Evacuate Collection Set: 0.0ms
[2021-11-12T22:43:31.249-0300][gc,phases     ] GC(21)   Evacuate Collection Set: 5.2ms
[2021-11-12T22:43:31.249-0300][gc,phases     ] GC(21)   Post Evacuate Collection Set: 0.6ms
[2021-11-12T22:43:31.249-0300][gc,phases     ] GC(21)   Other: 0.4ms
[2021-11-12T22:43:31.249-0300][gc,heap       ] GC(21) Eden regions: 76->0(81)
[2021-11-12T22:43:31.249-0300][gc,heap       ] GC(21) Survivor regions: 2->3(10)
[2021-11-12T22:43:31.249-0300][gc,heap       ] GC(21) Old regions: 15->15
[2021-11-12T22:43:31.249-0300][gc,heap       ] GC(21) Humongous regions: 129->129
[2021-11-12T22:43:31.249-0300][gc,metaspace  ] GC(21) Metaspace: 52385K->52385K(1097728K)
[2021-11-12T22:43:31.249-0300][gc            ] GC(21) Pause Young (Normal) (G1 Evacuation Pause) 221M->146M(1024M) 6.385ms
[2021-11-12T22:43:31.249-0300][gc,cpu        ] GC(21) User=0.02s Sys=0.00s Real=0.00s
[2021-11-12T22:43:31.263-0300][gc,heap,exit  ] Heap
[2021-11-12T22:43:31.263-0300][gc,heap,exit  ]  garbage-first heap   total 1048576K, used 149596K [0x00000007c0000000, 0x0000000800000000)
[2021-11-12T22:43:31.263-0300][gc,heap,exit  ]   region size 1024K, 4 young (4096K), 3 survivors (3072K)
[2021-11-12T22:43:31.263-0300][gc,heap,exit  ]  Metaspace       used 52418K, capacity 55356K, committed 55600K, reserved 1097728K
[2021-11-12T22:43:31.263-0300][gc,heap,exit  ]   class space    used 6579K, capacity 8005K, committed 8064K, reserved 1048576K
