[2021-11-08T17:38:28.118-0300][gc,heap] Heap region size: 1M
[2021-11-08T17:38:28.128-0300][gc     ] Using G1
[2021-11-08T17:38:28.129-0300][gc,heap,coops] Heap address: 0x00000007c0000000, size: 1024 MB, Compressed Oops mode: Zero based, Oop shift amount: 3
[2021-11-08T17:38:29.575-0300][gc,start     ] GC(0) Pause Young (Concurrent Start) (Metadata GC Threshold)
[2021-11-08T17:38:29.575-0300][gc,task      ] GC(0) Using 4 workers of 4 for evacuation
[2021-11-08T17:38:29.585-0300][gc,phases    ] GC(0)   Pre Evacuate Collection Set: 0.0ms
[2021-11-08T17:38:29.585-0300][gc,phases    ] GC(0)   Evacuate Collection Set: 9.2ms
[2021-11-08T17:38:29.585-0300][gc,phases    ] GC(0)   Post Evacuate Collection Set: 0.6ms
[2021-11-08T17:38:29.585-0300][gc,phases    ] GC(0)   Other: 0.5ms
[2021-11-08T17:38:29.585-0300][gc,heap      ] GC(0) Eden regions: 44->0(44)
[2021-11-08T17:38:29.585-0300][gc,heap      ] GC(0) Survivor regions: 0->7(7)
[2021-11-08T17:38:29.585-0300][gc,heap      ] GC(0) Old regions: 0->0
[2021-11-08T17:38:29.585-0300][gc,heap      ] GC(0) Humongous regions: 0->0
[2021-11-08T17:38:29.585-0300][gc,metaspace ] GC(0) Metaspace: 20807K->20807K(1069056K)
[2021-11-08T17:38:29.585-0300][gc           ] GC(0) Pause Young (Concurrent Start) (Metadata GC Threshold) 44M->6M(1024M) 10.617ms
[2021-11-08T17:38:29.585-0300][gc,cpu       ] GC(0) User=0.02s Sys=0.00s Real=0.01s
[2021-11-08T17:38:29.585-0300][gc           ] GC(1) Concurrent Cycle
[2021-11-08T17:38:29.585-0300][gc,marking   ] GC(1) Concurrent Clear Claimed Marks
[2021-11-08T17:38:29.585-0300][gc,marking   ] GC(1) Concurrent Clear Claimed Marks 0.047ms
[2021-11-08T17:38:29.585-0300][gc,marking   ] GC(1) Concurrent Scan Root Regions
[2021-11-08T17:38:29.589-0300][gc,marking   ] GC(1) Concurrent Scan Root Regions 3.760ms
[2021-11-08T17:38:29.589-0300][gc,marking   ] GC(1) Concurrent Mark (1.483s)
[2021-11-08T17:38:29.589-0300][gc,marking   ] GC(1) Concurrent Mark From Roots
[2021-11-08T17:38:29.589-0300][gc,task      ] GC(1) Using 1 workers of 1 for marking
[2021-11-08T17:38:29.589-0300][gc,marking   ] GC(1) Concurrent Mark From Roots 0.175ms
[2021-11-08T17:38:29.589-0300][gc,marking   ] GC(1) Concurrent Preclean
[2021-11-08T17:38:29.590-0300][gc,marking   ] GC(1) Concurrent Preclean 0.033ms
[2021-11-08T17:38:29.590-0300][gc,marking   ] GC(1) Concurrent Mark (1.483s, 1.483s) 0.274ms
[2021-11-08T17:38:29.590-0300][gc,start     ] GC(1) Pause Remark
[2021-11-08T17:38:29.592-0300][gc,stringtable] GC(1) Cleaned string and symbol table, strings: 7210 processed, 0 removed, symbols: 63614 processed, 30 removed
[2021-11-08T17:38:29.592-0300][gc            ] GC(1) Pause Remark 7M->7M(1024M) 2.836ms
[2021-11-08T17:38:29.593-0300][gc,cpu        ] GC(1) User=0.01s Sys=0.00s Real=0.00s
[2021-11-08T17:38:29.593-0300][gc,marking    ] GC(1) Concurrent Rebuild Remembered Sets
[2021-11-08T17:38:29.593-0300][gc,marking    ] GC(1) Concurrent Rebuild Remembered Sets 0.118ms
[2021-11-08T17:38:29.593-0300][gc,start      ] GC(1) Pause Cleanup
[2021-11-08T17:38:29.593-0300][gc            ] GC(1) Pause Cleanup 7M->7M(1024M) 0.155ms
[2021-11-08T17:38:29.593-0300][gc,cpu        ] GC(1) User=0.00s Sys=0.00s Real=0.00s
[2021-11-08T17:38:29.593-0300][gc,marking    ] GC(1) Concurrent Cleanup for Next Mark
[2021-11-08T17:38:29.601-0300][gc,marking    ] GC(1) Concurrent Cleanup for Next Mark 7.948ms
[2021-11-08T17:38:29.601-0300][gc            ] GC(1) Concurrent Cycle 15.879ms
[2021-11-08T17:38:30.735-0300][gc,start      ] GC(2) Pause Young (Normal) (G1 Evacuation Pause)
[2021-11-08T17:38:30.735-0300][gc,task       ] GC(2) Using 4 workers of 4 for evacuation
[2021-11-08T17:38:30.748-0300][gc,phases     ] GC(2)   Pre Evacuate Collection Set: 0.0ms
[2021-11-08T17:38:30.748-0300][gc,phases     ] GC(2)   Evacuate Collection Set: 12.0ms
[2021-11-08T17:38:30.748-0300][gc,phases     ] GC(2)   Post Evacuate Collection Set: 0.6ms
[2021-11-08T17:38:30.748-0300][gc,phases     ] GC(2)   Other: 0.2ms
[2021-11-08T17:38:30.748-0300][gc,heap       ] GC(2) Eden regions: 44->0(49)
[2021-11-08T17:38:30.748-0300][gc,heap       ] GC(2) Survivor regions: 7->2(7)
[2021-11-08T17:38:30.748-0300][gc,heap       ] GC(2) Old regions: 0->7
[2021-11-08T17:38:30.748-0300][gc,heap       ] GC(2) Humongous regions: 0->0
[2021-11-08T17:38:30.748-0300][gc,metaspace  ] GC(2) Metaspace: 30512K->30512K(1077248K)
[2021-11-08T17:38:30.748-0300][gc            ] GC(2) Pause Young (Normal) (G1 Evacuation Pause) 50M->8M(1024M) 13.131ms
[2021-11-08T17:38:30.748-0300][gc,cpu        ] GC(2) User=0.03s Sys=0.01s Real=0.01s
[2021-11-08T17:38:31.894-0300][gc,start      ] GC(3) Pause Young (Concurrent Start) (Metadata GC Threshold)
[2021-11-08T17:38:31.894-0300][gc,task       ] GC(3) Using 4 workers of 4 for evacuation
[2021-11-08T17:38:31.898-0300][gc,phases     ] GC(3)   Pre Evacuate Collection Set: 0.1ms
[2021-11-08T17:38:31.898-0300][gc,phases     ] GC(3)   Evacuate Collection Set: 3.9ms
[2021-11-08T17:38:31.898-0300][gc,phases     ] GC(3)   Post Evacuate Collection Set: 0.4ms
[2021-11-08T17:38:31.898-0300][gc,phases     ] GC(3)   Other: 0.2ms
[2021-11-08T17:38:31.898-0300][gc,heap       ] GC(3) Eden regions: 28->0(48)
[2021-11-08T17:38:31.898-0300][gc,heap       ] GC(3) Survivor regions: 2->3(7)
[2021-11-08T17:38:31.898-0300][gc,heap       ] GC(3) Old regions: 7->7
[2021-11-08T17:38:31.898-0300][gc,heap       ] GC(3) Humongous regions: 129->129
[2021-11-08T17:38:31.898-0300][gc,metaspace  ] GC(3) Metaspace: 34898K->34898K(1081344K)
[2021-11-08T17:38:31.898-0300][gc            ] GC(3) Pause Young (Concurrent Start) (Metadata GC Threshold) 165M->138M(1024M) 4.770ms
[2021-11-08T17:38:31.898-0300][gc,cpu        ] GC(3) User=0.02s Sys=0.00s Real=0.00s
[2021-11-08T17:38:31.898-0300][gc            ] GC(4) Concurrent Cycle
[2021-11-08T17:38:31.899-0300][gc,marking    ] GC(4) Concurrent Clear Claimed Marks
[2021-11-08T17:38:31.899-0300][gc,marking    ] GC(4) Concurrent Clear Claimed Marks 0.077ms
[2021-11-08T17:38:31.899-0300][gc,marking    ] GC(4) Concurrent Scan Root Regions
[2021-11-08T17:38:31.902-0300][gc,marking    ] GC(4) Concurrent Scan Root Regions 2.899ms
[2021-11-08T17:38:31.902-0300][gc,marking    ] GC(4) Concurrent Mark (3.795s)
[2021-11-08T17:38:31.902-0300][gc,marking    ] GC(4) Concurrent Mark From Roots
[2021-11-08T17:38:31.902-0300][gc,task       ] GC(4) Using 1 workers of 1 for marking
[2021-11-08T17:38:31.911-0300][gc,marking    ] GC(4) Concurrent Mark From Roots 9.570ms
[2021-11-08T17:38:31.911-0300][gc,marking    ] GC(4) Concurrent Preclean
[2021-11-08T17:38:31.911-0300][gc,marking    ] GC(4) Concurrent Preclean 0.087ms
[2021-11-08T17:38:31.911-0300][gc,marking    ] GC(4) Concurrent Mark (3.795s, 3.805s) 9.753ms
[2021-11-08T17:38:31.911-0300][gc,start      ] GC(4) Pause Remark
[2021-11-08T17:38:31.915-0300][gc,stringtable] GC(4) Cleaned string and symbol table, strings: 10729 processed, 9 removed, symbols: 95220 processed, 24 removed
[2021-11-08T17:38:31.915-0300][gc            ] GC(4) Pause Remark 140M->140M(1024M) 3.864ms
[2021-11-08T17:38:31.915-0300][gc,cpu        ] GC(4) User=0.02s Sys=0.00s Real=0.00s
[2021-11-08T17:38:31.915-0300][gc,marking    ] GC(4) Concurrent Rebuild Remembered Sets
[2021-11-08T17:38:31.922-0300][gc,marking    ] GC(4) Concurrent Rebuild Remembered Sets 6.117ms
[2021-11-08T17:38:31.922-0300][gc,start      ] GC(4) Pause Cleanup
[2021-11-08T17:38:31.922-0300][gc            ] GC(4) Pause Cleanup 140M->140M(1024M) 0.150ms
[2021-11-08T17:38:31.922-0300][gc,cpu        ] GC(4) User=0.00s Sys=0.00s Real=0.00s
[2021-11-08T17:38:31.922-0300][gc,marking    ] GC(4) Concurrent Cleanup for Next Mark
[2021-11-08T17:38:31.930-0300][gc,marking    ] GC(4) Concurrent Cleanup for Next Mark 8.064ms
[2021-11-08T17:38:31.930-0300][gc            ] GC(4) Concurrent Cycle 31.508ms
[2021-11-08T17:38:32.837-0300][gc,start      ] GC(5) Pause Young (Normal) (G1 Evacuation Pause)
[2021-11-08T17:38:32.837-0300][gc,task       ] GC(5) Using 4 workers of 4 for evacuation
[2021-11-08T17:38:32.850-0300][gc,phases     ] GC(5)   Pre Evacuate Collection Set: 0.0ms
[2021-11-08T17:38:32.850-0300][gc,phases     ] GC(5)   Evacuate Collection Set: 11.8ms
[2021-11-08T17:38:32.850-0300][gc,phases     ] GC(5)   Post Evacuate Collection Set: 0.6ms
[2021-11-08T17:38:32.850-0300][gc,phases     ] GC(5)   Other: 0.2ms
[2021-11-08T17:38:32.850-0300][gc,heap       ] GC(5) Eden regions: 48->0(44)
[2021-11-08T17:38:32.850-0300][gc,heap       ] GC(5) Survivor regions: 3->7(7)
[2021-11-08T17:38:32.850-0300][gc,heap       ] GC(5) Old regions: 7->7
[2021-11-08T17:38:32.850-0300][gc,heap       ] GC(5) Humongous regions: 129->129
[2021-11-08T17:38:32.850-0300][gc,metaspace  ] GC(5) Metaspace: 43014K->43014K(1087488K)
[2021-11-08T17:38:32.850-0300][gc            ] GC(5) Pause Young (Normal) (G1 Evacuation Pause) 186M->142M(1024M) 12.849ms
[2021-11-08T17:38:32.850-0300][gc,cpu        ] GC(5) User=0.03s Sys=0.00s Real=0.02s
[2021-11-08T17:42:04.112-0300][gc,start      ] GC(6) Pause Young (Normal) (G1 Evacuation Pause)
[2021-11-08T17:42:04.112-0300][gc,task       ] GC(6) Using 4 workers of 4 for evacuation
[2021-11-08T17:42:04.128-0300][gc,phases     ] GC(6)   Pre Evacuate Collection Set: 0.0ms
[2021-11-08T17:42:04.128-0300][gc,phases     ] GC(6)   Evacuate Collection Set: 14.7ms
[2021-11-08T17:42:04.128-0300][gc,phases     ] GC(6)   Post Evacuate Collection Set: 0.9ms
[2021-11-08T17:42:04.128-0300][gc,phases     ] GC(6)   Other: 0.4ms
[2021-11-08T17:42:04.128-0300][gc,heap       ] GC(6) Eden regions: 44->0(48)
[2021-11-08T17:42:04.128-0300][gc,heap       ] GC(6) Survivor regions: 7->3(7)
[2021-11-08T17:42:04.128-0300][gc,heap       ] GC(6) Old regions: 7->13
[2021-11-08T17:42:04.128-0300][gc,heap       ] GC(6) Humongous regions: 135->129
[2021-11-08T17:42:04.128-0300][gc,metaspace  ] GC(6) Metaspace: 49676K->49676K(1093632K)
[2021-11-08T17:42:04.128-0300][gc            ] GC(6) Pause Young (Normal) (G1 Evacuation Pause) 192M->144M(1024M) 16.266ms
[2021-11-08T17:42:04.128-0300][gc,cpu        ] GC(6) User=0.05s Sys=0.00s Real=0.01s
[2021-11-08T17:55:48.496-0300][gc,start      ] GC(7) Pause Young (Normal) (G1 Evacuation Pause)
[2021-11-08T17:55:48.496-0300][gc,task       ] GC(7) Using 4 workers of 4 for evacuation
[2021-11-08T17:55:48.506-0300][gc,phases     ] GC(7)   Pre Evacuate Collection Set: 0.0ms
[2021-11-08T17:55:48.506-0300][gc,phases     ] GC(7)   Evacuate Collection Set: 9.1ms
[2021-11-08T17:55:48.506-0300][gc,phases     ] GC(7)   Post Evacuate Collection Set: 0.7ms
[2021-11-08T17:55:48.506-0300][gc,phases     ] GC(7)   Other: 0.3ms
[2021-11-08T17:55:48.506-0300][gc,heap       ] GC(7) Eden regions: 48->0(46)
[2021-11-08T17:55:48.506-0300][gc,heap       ] GC(7) Survivor regions: 3->5(7)
[2021-11-08T17:55:48.506-0300][gc,heap       ] GC(7) Old regions: 13->13
[2021-11-08T17:55:48.506-0300][gc,heap       ] GC(7) Humongous regions: 129->129
[2021-11-08T17:55:48.506-0300][gc,metaspace  ] GC(7) Metaspace: 50891K->50891K(1095680K)
[2021-11-08T17:55:48.506-0300][gc            ] GC(7) Pause Young (Normal) (G1 Evacuation Pause) 192M->146M(1024M) 10.486ms
[2021-11-08T17:55:48.506-0300][gc,cpu        ] GC(7) User=0.04s Sys=0.00s Real=0.01s
[2021-11-08T18:10:32.211-0300][gc,start      ] GC(8) Pause Young (Normal) (G1 Evacuation Pause)
[2021-11-08T18:10:32.211-0300][gc,task       ] GC(8) Using 4 workers of 4 for evacuation
[2021-11-08T18:10:32.220-0300][gc,phases     ] GC(8)   Pre Evacuate Collection Set: 0.0ms
[2021-11-08T18:10:32.220-0300][gc,phases     ] GC(8)   Evacuate Collection Set: 7.7ms
[2021-11-08T18:10:32.220-0300][gc,phases     ] GC(8)   Post Evacuate Collection Set: 0.6ms
[2021-11-08T18:10:32.220-0300][gc,phases     ] GC(8)   Other: 0.3ms
[2021-11-08T18:10:32.220-0300][gc,heap       ] GC(8) Eden regions: 46->0(48)
[2021-11-08T18:10:32.220-0300][gc,heap       ] GC(8) Survivor regions: 5->3(7)
[2021-11-08T18:10:32.220-0300][gc,heap       ] GC(8) Old regions: 13->15
[2021-11-08T18:10:32.220-0300][gc,heap       ] GC(8) Humongous regions: 129->129
[2021-11-08T18:10:32.220-0300][gc,metaspace  ] GC(8) Metaspace: 50984K->50984K(1095680K)
[2021-11-08T18:10:32.220-0300][gc            ] GC(8) Pause Young (Normal) (G1 Evacuation Pause) 192M->146M(1024M) 8.846ms
[2021-11-08T18:10:32.220-0300][gc,cpu        ] GC(8) User=0.03s Sys=0.00s Real=0.01s
[2021-11-08T18:27:01.436-0300][gc,start      ] GC(9) Pause Young (Normal) (G1 Evacuation Pause)
[2021-11-08T18:27:01.436-0300][gc,task       ] GC(9) Using 4 workers of 4 for evacuation
[2021-11-08T18:27:01.442-0300][gc,phases     ] GC(9)   Pre Evacuate Collection Set: 0.0ms
[2021-11-08T18:27:01.442-0300][gc,phases     ] GC(9)   Evacuate Collection Set: 5.7ms
[2021-11-08T18:27:01.442-0300][gc,phases     ] GC(9)   Post Evacuate Collection Set: 0.5ms
[2021-11-08T18:27:01.442-0300][gc,phases     ] GC(9)   Other: 0.3ms
[2021-11-08T18:27:01.442-0300][gc,heap       ] GC(9) Eden regions: 48->0(48)
[2021-11-08T18:27:01.442-0300][gc,heap       ] GC(9) Survivor regions: 3->3(7)
[2021-11-08T18:27:01.442-0300][gc,heap       ] GC(9) Old regions: 15->15
[2021-11-08T18:27:01.442-0300][gc,heap       ] GC(9) Humongous regions: 129->129
[2021-11-08T18:27:01.442-0300][gc,metaspace  ] GC(9) Metaspace: 51077K->51077K(1095680K)
[2021-11-08T18:27:01.442-0300][gc            ] GC(9) Pause Young (Normal) (G1 Evacuation Pause) 194M->146M(1024M) 6.720ms
[2021-11-08T18:27:01.442-0300][gc,cpu        ] GC(9) User=0.02s Sys=0.00s Real=0.01s
[2021-11-08T18:43:00.344-0300][gc,start      ] GC(10) Pause Young (Normal) (G1 Evacuation Pause)
[2021-11-08T18:43:00.344-0300][gc,task       ] GC(10) Using 4 workers of 4 for evacuation
[2021-11-08T18:43:00.352-0300][gc,phases     ] GC(10)   Pre Evacuate Collection Set: 0.0ms
[2021-11-08T18:43:00.353-0300][gc,phases     ] GC(10)   Evacuate Collection Set: 7.2ms
[2021-11-08T18:43:00.353-0300][gc,phases     ] GC(10)   Post Evacuate Collection Set: 0.4ms
[2021-11-08T18:43:00.353-0300][gc,phases     ] GC(10)   Other: 0.9ms
[2021-11-08T18:43:00.353-0300][gc,heap       ] GC(10) Eden regions: 48->0(47)
[2021-11-08T18:43:00.353-0300][gc,heap       ] GC(10) Survivor regions: 3->4(7)
[2021-11-08T18:43:00.353-0300][gc,heap       ] GC(10) Old regions: 15->15
[2021-11-08T18:43:00.353-0300][gc,heap       ] GC(10) Humongous regions: 129->129
[2021-11-08T18:43:00.353-0300][gc,metaspace  ] GC(10) Metaspace: 51173K->51173K(1095680K)
[2021-11-08T18:43:00.353-0300][gc            ] GC(10) Pause Young (Normal) (G1 Evacuation Pause) 194M->147M(1024M) 8.765ms
[2021-11-08T18:43:00.353-0300][gc,cpu        ] GC(10) User=0.03s Sys=0.00s Real=0.01s
[2021-11-08T18:59:32.885-0300][gc,start      ] GC(11) Pause Young (Normal) (G1 Evacuation Pause)
[2021-11-08T18:59:32.885-0300][gc,task       ] GC(11) Using 4 workers of 4 for evacuation
[2021-11-08T18:59:32.893-0300][gc,phases     ] GC(11)   Pre Evacuate Collection Set: 0.0ms
[2021-11-08T18:59:32.893-0300][gc,phases     ] GC(11)   Evacuate Collection Set: 6.5ms
[2021-11-08T18:59:32.893-0300][gc,phases     ] GC(11)   Post Evacuate Collection Set: 0.4ms
[2021-11-08T18:59:32.893-0300][gc,phases     ] GC(11)   Other: 0.3ms
[2021-11-08T18:59:32.893-0300][gc,heap       ] GC(11) Eden regions: 47->0(47)
[2021-11-08T18:59:32.893-0300][gc,heap       ] GC(11) Survivor regions: 4->4(7)
[2021-11-08T18:59:32.893-0300][gc,heap       ] GC(11) Old regions: 15->15
[2021-11-08T18:59:32.893-0300][gc,heap       ] GC(11) Humongous regions: 129->129
[2021-11-08T18:59:32.893-0300][gc,metaspace  ] GC(11) Metaspace: 51189K->51189K(1095680K)
[2021-11-08T18:59:32.893-0300][gc            ] GC(11) Pause Young (Normal) (G1 Evacuation Pause) 194M->147M(1024M) 7.512ms
[2021-11-08T18:59:32.893-0300][gc,cpu        ] GC(11) User=0.03s Sys=0.00s Real=0.01s
[2021-11-08T19:15:51.173-0300][gc,start      ] GC(12) Pause Young (Normal) (G1 Evacuation Pause)
[2021-11-08T19:15:51.173-0300][gc,task       ] GC(12) Using 4 workers of 4 for evacuation
[2021-11-08T19:15:51.186-0300][gc,phases     ] GC(12)   Pre Evacuate Collection Set: 0.1ms
[2021-11-08T19:15:51.186-0300][gc,phases     ] GC(12)   Evacuate Collection Set: 11.8ms
[2021-11-08T19:15:51.186-0300][gc,phases     ] GC(12)   Post Evacuate Collection Set: 1.4ms
[2021-11-08T19:15:51.186-0300][gc,phases     ] GC(12)   Other: 0.5ms
[2021-11-08T19:15:51.186-0300][gc,heap       ] GC(12) Eden regions: 47->0(50)
[2021-11-08T19:15:51.186-0300][gc,heap       ] GC(12) Survivor regions: 4->4(7)
[2021-11-08T19:15:51.187-0300][gc,heap       ] GC(12) Old regions: 15->15
[2021-11-08T19:15:51.187-0300][gc,heap       ] GC(12) Humongous regions: 129->129
[2021-11-08T19:15:51.187-0300][gc,metaspace  ] GC(12) Metaspace: 51406K->51406K(1095680K)
[2021-11-08T19:15:51.187-0300][gc            ] GC(12) Pause Young (Normal) (G1 Evacuation Pause) 194M->147M(1024M) 14.006ms
[2021-11-08T19:15:51.187-0300][gc,cpu        ] GC(12) User=0.02s Sys=0.00s Real=0.01s
[2021-11-08T19:33:24.412-0300][gc,start      ] GC(13) Pause Young (Normal) (G1 Evacuation Pause)
[2021-11-08T19:33:24.412-0300][gc,task       ] GC(13) Using 4 workers of 4 for evacuation
[2021-11-08T19:33:24.419-0300][gc,phases     ] GC(13)   Pre Evacuate Collection Set: 0.0ms
[2021-11-08T19:33:24.419-0300][gc,phases     ] GC(13)   Evacuate Collection Set: 6.8ms
[2021-11-08T19:33:24.419-0300][gc,phases     ] GC(13)   Post Evacuate Collection Set: 0.5ms
[2021-11-08T19:33:24.419-0300][gc,phases     ] GC(13)   Other: 0.4ms
[2021-11-08T19:33:24.419-0300][gc,heap       ] GC(13) Eden regions: 50->0(52)
[2021-11-08T19:33:24.419-0300][gc,heap       ] GC(13) Survivor regions: 4->4(7)
[2021-11-08T19:33:24.419-0300][gc,heap       ] GC(13) Old regions: 15->15
[2021-11-08T19:33:24.419-0300][gc,heap       ] GC(13) Humongous regions: 129->129
[2021-11-08T19:33:24.419-0300][gc,metaspace  ] GC(13) Metaspace: 51408K->51408K(1095680K)
[2021-11-08T19:33:24.419-0300][gc            ] GC(13) Pause Young (Normal) (G1 Evacuation Pause) 197M->147M(1024M) 7.888ms
[2021-11-08T19:33:24.419-0300][gc,cpu        ] GC(13) User=0.03s Sys=0.00s Real=0.00s
[2021-11-08T19:50:48.332-0300][gc,start      ] GC(14) Pause Young (Normal) (G1 Evacuation Pause)
[2021-11-08T19:50:48.332-0300][gc,task       ] GC(14) Using 4 workers of 4 for evacuation
[2021-11-08T19:50:48.339-0300][gc,phases     ] GC(14)   Pre Evacuate Collection Set: 0.0ms
[2021-11-08T19:50:48.339-0300][gc,phases     ] GC(14)   Evacuate Collection Set: 7.2ms
[2021-11-08T19:50:48.339-0300][gc,phases     ] GC(14)   Post Evacuate Collection Set: 0.4ms
[2021-11-08T19:50:48.340-0300][gc,phases     ] GC(14)   Other: 0.3ms
[2021-11-08T19:50:48.340-0300][gc,heap       ] GC(14) Eden regions: 52->0(586)
[2021-11-08T19:50:48.340-0300][gc,heap       ] GC(14) Survivor regions: 4->4(7)
[2021-11-08T19:50:48.340-0300][gc,heap       ] GC(14) Old regions: 15->15
[2021-11-08T19:50:48.340-0300][gc,heap       ] GC(14) Humongous regions: 129->129
[2021-11-08T19:50:48.340-0300][gc,metaspace  ] GC(14) Metaspace: 51440K->51440K(1095680K)
[2021-11-08T19:50:48.340-0300][gc            ] GC(14) Pause Young (Normal) (G1 Evacuation Pause) 199M->147M(1024M) 8.149ms
[2021-11-08T19:50:48.340-0300][gc,cpu        ] GC(14) User=0.03s Sys=0.00s Real=0.01s
[2021-11-08T22:40:04.624-0300][gc,start      ] GC(15) Pause Young (Normal) (G1 Evacuation Pause)
[2021-11-08T22:40:04.624-0300][gc,task       ] GC(15) Using 4 workers of 4 for evacuation
[2021-11-08T22:40:04.637-0300][gc,phases     ] GC(15)   Pre Evacuate Collection Set: 0.0ms
[2021-11-08T22:40:04.637-0300][gc,phases     ] GC(15)   Evacuate Collection Set: 10.9ms
[2021-11-08T22:40:04.637-0300][gc,phases     ] GC(15)   Post Evacuate Collection Set: 1.1ms
[2021-11-08T22:40:04.637-0300][gc,phases     ] GC(15)   Other: 0.5ms
[2021-11-08T22:40:04.637-0300][gc,heap       ] GC(15) Eden regions: 586->0(563)
[2021-11-08T22:40:04.637-0300][gc,heap       ] GC(15) Survivor regions: 4->5(74)
[2021-11-08T22:40:04.637-0300][gc,heap       ] GC(15) Old regions: 15->15
[2021-11-08T22:40:04.637-0300][gc,heap       ] GC(15) Humongous regions: 129->129
[2021-11-08T22:40:04.637-0300][gc,metaspace  ] GC(15) Metaspace: 52389K->52389K(1097728K)
[2021-11-08T22:40:04.637-0300][gc            ] GC(15) Pause Young (Normal) (G1 Evacuation Pause) 733M->148M(1024M) 12.712ms
[2021-11-08T22:40:04.637-0300][gc,cpu        ] GC(15) User=0.03s Sys=0.00s Real=0.01s
[2021-11-09T00:44:43.692-0300][gc,start      ] GC(16) Pause Young (Normal) (G1 Evacuation Pause)
[2021-11-09T00:44:43.696-0300][gc,task       ] GC(16) Using 4 workers of 4 for evacuation
[2021-11-09T00:44:43.705-0300][gc,phases     ] GC(16)   Pre Evacuate Collection Set: 0.0ms
[2021-11-09T00:44:43.705-0300][gc,phases     ] GC(16)   Evacuate Collection Set: 8.3ms
[2021-11-09T00:44:43.705-0300][gc,phases     ] GC(16)   Post Evacuate Collection Set: 0.8ms
[2021-11-09T00:44:43.705-0300][gc,phases     ] GC(16)   Other: 4.1ms
[2021-11-09T00:44:43.705-0300][gc,heap       ] GC(16) Eden regions: 563->0(589)
[2021-11-09T00:44:43.705-0300][gc,heap       ] GC(16) Survivor regions: 5->5(71)
[2021-11-09T00:44:43.705-0300][gc,heap       ] GC(16) Old regions: 15->15
[2021-11-09T00:44:43.705-0300][gc,heap       ] GC(16) Humongous regions: 129->129
[2021-11-09T00:44:43.705-0300][gc,metaspace  ] GC(16) Metaspace: 52460K->52460K(1097728K)
[2021-11-09T00:44:43.705-0300][gc            ] GC(16) Pause Young (Normal) (G1 Evacuation Pause) 711M->148M(1024M) 13.519ms
[2021-11-09T00:44:43.705-0300][gc,cpu        ] GC(16) User=0.03s Sys=0.01s Real=0.01s
[2021-11-09T14:02:49.564-0300][gc,start      ] GC(17) Pause Young (Normal) (G1 Evacuation Pause)
[2021-11-09T14:02:49.567-0300][gc,task       ] GC(17) Using 4 workers of 4 for evacuation
[2021-11-09T14:02:49.577-0300][gc,phases     ] GC(17)   Pre Evacuate Collection Set: 0.0ms
[2021-11-09T14:02:49.577-0300][gc,phases     ] GC(17)   Evacuate Collection Set: 8.8ms
[2021-11-09T14:02:49.577-0300][gc,phases     ] GC(17)   Post Evacuate Collection Set: 0.8ms
[2021-11-09T14:02:49.577-0300][gc,phases     ] GC(17)   Other: 3.9ms
[2021-11-09T14:02:49.577-0300][gc,heap       ] GC(17) Eden regions: 589->0(610)
[2021-11-09T14:02:49.577-0300][gc,heap       ] GC(17) Survivor regions: 5->4(75)
[2021-11-09T14:02:49.577-0300][gc,heap       ] GC(17) Old regions: 15->15
[2021-11-09T14:02:49.577-0300][gc,heap       ] GC(17) Humongous regions: 129->129
[2021-11-09T14:02:49.577-0300][gc,metaspace  ] GC(17) Metaspace: 52505K->52505K(1097728K)
[2021-11-09T14:02:49.577-0300][gc            ] GC(17) Pause Young (Normal) (G1 Evacuation Pause) 737M->147M(1024M) 13.756ms
[2021-11-09T14:02:49.577-0300][gc,cpu        ] GC(17) User=0.03s Sys=0.01s Real=0.01s
[2021-11-09T16:31:42.102-0300][gc,start      ] GC(18) Pause Young (Normal) (G1 Evacuation Pause)
[2021-11-09T16:31:42.102-0300][gc,task       ] GC(18) Using 4 workers of 4 for evacuation
[2021-11-09T16:31:42.127-0300][gc,mmu        ] GC(18) MMU target violated: 21.0ms (20.0ms/21.0ms)
[2021-11-09T16:31:42.128-0300][gc,phases     ] GC(18)   Pre Evacuate Collection Set: 0.0ms
[2021-11-09T16:31:42.128-0300][gc,phases     ] GC(18)   Evacuate Collection Set: 11.7ms
[2021-11-09T16:31:42.128-0300][gc,phases     ] GC(18)   Post Evacuate Collection Set: 13.6ms
[2021-11-09T16:31:42.128-0300][gc,phases     ] GC(18)   Other: 0.5ms
[2021-11-09T16:31:42.128-0300][gc,heap       ] GC(18) Eden regions: 610->0(238)
[2021-11-09T16:31:42.128-0300][gc,heap       ] GC(18) Survivor regions: 4->4(77)
[2021-11-09T16:31:42.128-0300][gc,heap       ] GC(18) Old regions: 15->15
[2021-11-09T16:31:42.128-0300][gc,heap       ] GC(18) Humongous regions: 129->129
[2021-11-09T16:31:42.128-0300][gc,metaspace  ] GC(18) Metaspace: 52560K->52560K(1097728K)
[2021-11-09T16:31:42.128-0300][gc            ] GC(18) Pause Young (Normal) (G1 Evacuation Pause) 757M->147M(1024M) 26.030ms
[2021-11-09T16:31:42.128-0300][gc,cpu        ] GC(18) User=0.03s Sys=0.01s Real=0.02s
[2021-11-09T17:24:54.005-0300][gc,start      ] GC(19) Pause Young (Normal) (G1 Evacuation Pause)
[2021-11-09T17:24:54.005-0300][gc,task       ] GC(19) Using 4 workers of 4 for evacuation
[2021-11-09T17:24:54.015-0300][gc,phases     ] GC(19)   Pre Evacuate Collection Set: 0.1ms
[2021-11-09T17:24:54.015-0300][gc,phases     ] GC(19)   Evacuate Collection Set: 7.9ms
[2021-11-09T17:24:54.015-0300][gc,phases     ] GC(19)   Post Evacuate Collection Set: 1.4ms
[2021-11-09T17:24:54.015-0300][gc,phases     ] GC(19)   Other: 0.5ms
[2021-11-09T17:24:54.015-0300][gc,heap       ] GC(19) Eden regions: 238->0(280)
[2021-11-09T17:24:54.015-0300][gc,heap       ] GC(19) Survivor regions: 4->4(31)
[2021-11-09T17:24:54.015-0300][gc,heap       ] GC(19) Old regions: 15->15
[2021-11-09T17:24:54.015-0300][gc,heap       ] GC(19) Humongous regions: 129->129
[2021-11-09T17:24:54.015-0300][gc,metaspace  ] GC(19) Metaspace: 52615K->52615K(1097728K)
[2021-11-09T17:24:54.015-0300][gc            ] GC(19) Pause Young (Normal) (G1 Evacuation Pause) 385M->147M(1024M) 10.085ms
[2021-11-09T17:24:54.015-0300][gc,cpu        ] GC(19) User=0.03s Sys=0.00s Real=0.01s
[2021-11-09T18:23:45.498-0300][gc,start      ] GC(20) Pause Young (Normal) (G1 Evacuation Pause)
[2021-11-09T18:23:45.498-0300][gc,task       ] GC(20) Using 4 workers of 4 for evacuation
[2021-11-09T18:23:45.506-0300][gc,phases     ] GC(20)   Pre Evacuate Collection Set: 0.0ms
[2021-11-09T18:23:45.506-0300][gc,phases     ] GC(20)   Evacuate Collection Set: 7.3ms
[2021-11-09T18:23:45.506-0300][gc,phases     ] GC(20)   Post Evacuate Collection Set: 0.6ms
[2021-11-09T18:23:45.506-0300][gc,phases     ] GC(20)   Other: 0.4ms
[2021-11-09T18:23:45.506-0300][gc,heap       ] GC(20) Eden regions: 280->0(318)
[2021-11-09T18:23:45.506-0300][gc,heap       ] GC(20) Survivor regions: 4->4(36)
[2021-11-09T18:23:45.506-0300][gc,heap       ] GC(20) Old regions: 15->15
[2021-11-09T18:23:45.506-0300][gc,heap       ] GC(20) Humongous regions: 129->129
[2021-11-09T18:23:45.506-0300][gc,metaspace  ] GC(20) Metaspace: 52616K->52616K(1097728K)
[2021-11-09T18:23:45.506-0300][gc            ] GC(20) Pause Young (Normal) (G1 Evacuation Pause) 427M->147M(1024M) 8.520ms
[2021-11-09T18:23:45.506-0300][gc,cpu        ] GC(20) User=0.03s Sys=0.01s Real=0.01s
[2021-11-09T19:30:47.715-0300][gc,start      ] GC(21) Pause Young (Normal) (G1 Evacuation Pause)
[2021-11-09T19:30:47.715-0300][gc,task       ] GC(21) Using 4 workers of 4 for evacuation
[2021-11-09T19:30:47.723-0300][gc,phases     ] GC(21)   Pre Evacuate Collection Set: 0.0ms
[2021-11-09T19:30:47.723-0300][gc,phases     ] GC(21)   Evacuate Collection Set: 7.4ms
[2021-11-09T19:30:47.723-0300][gc,phases     ] GC(21)   Post Evacuate Collection Set: 0.6ms
[2021-11-09T19:30:47.723-0300][gc,phases     ] GC(21)   Other: 0.3ms
[2021-11-09T19:30:47.723-0300][gc,heap       ] GC(21) Eden regions: 318->0(345)
[2021-11-09T19:30:47.723-0300][gc,heap       ] GC(21) Survivor regions: 4->4(41)
[2021-11-09T19:30:47.723-0300][gc,heap       ] GC(21) Old regions: 15->15
[2021-11-09T19:30:47.723-0300][gc,heap       ] GC(21) Humongous regions: 129->129
[2021-11-09T19:30:47.723-0300][gc,metaspace  ] GC(21) Metaspace: 52617K->52617K(1097728K)
[2021-11-09T19:30:47.723-0300][gc            ] GC(21) Pause Young (Normal) (G1 Evacuation Pause) 465M->147M(1024M) 8.552ms
[2021-11-09T19:30:47.723-0300][gc,cpu        ] GC(21) User=0.03s Sys=0.00s Real=0.01s
[2021-11-09T20:43:34.228-0300][gc,start      ] GC(22) Pause Young (Normal) (G1 Evacuation Pause)
[2021-11-09T20:43:34.228-0300][gc,task       ] GC(22) Using 4 workers of 4 for evacuation
[2021-11-09T20:43:34.237-0300][gc,phases     ] GC(22)   Pre Evacuate Collection Set: 0.0ms
[2021-11-09T20:43:34.237-0300][gc,phases     ] GC(22)   Evacuate Collection Set: 8.1ms
[2021-11-09T20:43:34.237-0300][gc,phases     ] GC(22)   Post Evacuate Collection Set: 0.6ms
[2021-11-09T20:43:34.237-0300][gc,phases     ] GC(22)   Other: 0.6ms
[2021-11-09T20:43:34.238-0300][gc,heap       ] GC(22) Eden regions: 345->0(366)
[2021-11-09T20:43:34.238-0300][gc,heap       ] GC(22) Survivor regions: 4->4(44)
[2021-11-09T20:43:34.238-0300][gc,heap       ] GC(22) Old regions: 15->16
[2021-11-09T20:43:34.238-0300][gc,heap       ] GC(22) Humongous regions: 129->129
[2021-11-09T20:43:34.238-0300][gc,metaspace  ] GC(22) Metaspace: 52643K->52643K(1097728K)
[2021-11-09T20:43:34.238-0300][gc            ] GC(22) Pause Young (Normal) (G1 Evacuation Pause) 492M->148M(1024M) 9.627ms
[2021-11-09T20:43:34.238-0300][gc,cpu        ] GC(22) User=0.04s Sys=0.00s Real=0.01s
[2021-11-09T22:00:15.770-0300][gc,start      ] GC(23) Pause Young (Normal) (G1 Evacuation Pause)
[2021-11-09T22:00:15.770-0300][gc,task       ] GC(23) Using 4 workers of 4 for evacuation
[2021-11-09T22:00:15.779-0300][gc,phases     ] GC(23)   Pre Evacuate Collection Set: 0.0ms
[2021-11-09T22:00:15.779-0300][gc,phases     ] GC(23)   Evacuate Collection Set: 8.0ms
[2021-11-09T22:00:15.780-0300][gc,phases     ] GC(23)   Post Evacuate Collection Set: 0.6ms
[2021-11-09T22:00:15.780-0300][gc,phases     ] GC(23)   Other: 0.5ms
[2021-11-09T22:00:15.780-0300][gc,heap       ] GC(23) Eden regions: 366->0(387)
[2021-11-09T22:00:15.780-0300][gc,heap       ] GC(23) Survivor regions: 4->4(47)
[2021-11-09T22:00:15.780-0300][gc,heap       ] GC(23) Old regions: 16->16
[2021-11-09T22:00:15.780-0300][gc,heap       ] GC(23) Humongous regions: 129->129
[2021-11-09T22:00:15.780-0300][gc,metaspace  ] GC(23) Metaspace: 52736K->52736K(1097728K)
[2021-11-09T22:00:15.780-0300][gc            ] GC(23) Pause Young (Normal) (G1 Evacuation Pause) 514M->148M(1024M) 9.382ms
[2021-11-09T22:00:15.780-0300][gc,cpu        ] GC(23) User=0.03s Sys=0.00s Real=0.01s
[2021-11-09T23:54:22.620-0300][gc,start      ] GC(24) Pause Young (Normal) (G1 Evacuation Pause)
[2021-11-09T23:54:22.621-0300][gc,task       ] GC(24) Using 4 workers of 4 for evacuation
[2021-11-09T23:54:22.632-0300][gc,phases     ] GC(24)   Pre Evacuate Collection Set: 0.0ms
[2021-11-09T23:54:22.632-0300][gc,phases     ] GC(24)   Evacuate Collection Set: 8.2ms
[2021-11-09T23:54:22.632-0300][gc,phases     ] GC(24)   Post Evacuate Collection Set: 2.5ms
[2021-11-09T23:54:22.632-0300][gc,phases     ] GC(24)   Other: 0.4ms
[2021-11-09T23:54:22.632-0300][gc,heap       ] GC(24) Eden regions: 387->0(413)
[2021-11-09T23:54:22.632-0300][gc,heap       ] GC(24) Survivor regions: 4->4(49)
[2021-11-09T23:54:22.632-0300][gc,heap       ] GC(24) Old regions: 16->16
[2021-11-09T23:54:22.632-0300][gc,heap       ] GC(24) Humongous regions: 129->129
[2021-11-09T23:54:22.632-0300][gc,metaspace  ] GC(24) Metaspace: 52788K->52788K(1097728K)
[2021-11-09T23:54:22.632-0300][gc            ] GC(24) Pause Young (Normal) (G1 Evacuation Pause) 535M->147M(1024M) 11.338ms
[2021-11-09T23:54:22.632-0300][gc,cpu        ] GC(24) User=0.03s Sys=0.00s Real=0.01s
[2021-11-10T01:36:13.553-0300][gc,start      ] GC(25) Pause Young (Normal) (G1 Evacuation Pause)
[2021-11-10T01:36:13.553-0300][gc,task       ] GC(25) Using 4 workers of 4 for evacuation
[2021-11-10T01:36:13.563-0300][gc,phases     ] GC(25)   Pre Evacuate Collection Set: 0.1ms
[2021-11-10T01:36:13.563-0300][gc,phases     ] GC(25)   Evacuate Collection Set: 9.0ms
[2021-11-10T01:36:13.563-0300][gc,phases     ] GC(25)   Post Evacuate Collection Set: 0.8ms
[2021-11-10T01:36:13.563-0300][gc,phases     ] GC(25)   Other: 0.5ms
[2021-11-10T01:36:13.563-0300][gc,heap       ] GC(25) Eden regions: 412->0(446)
[2021-11-10T01:36:13.563-0300][gc,heap       ] GC(25) Survivor regions: 4->4(52)
[2021-11-10T01:36:13.563-0300][gc,heap       ] GC(25) Old regions: 16->16
[2021-11-10T01:36:13.563-0300][gc,heap       ] GC(25) Humongous regions: 129->129
[2021-11-10T01:36:13.563-0300][gc,metaspace  ] GC(25) Metaspace: 52870K->52870K(1097728K)
[2021-11-10T01:36:13.563-0300][gc            ] GC(25) Pause Young (Normal) (G1 Evacuation Pause) 559M->148M(1024M) 10.737ms
[2021-11-10T01:36:13.563-0300][gc,cpu        ] GC(25) User=0.03s Sys=0.00s Real=0.01s
[2021-11-10T14:48:19.720-0300][gc,start      ] GC(26) Pause Young (Normal) (G1 Evacuation Pause)
[2021-11-10T14:48:19.723-0300][gc,task       ] GC(26) Using 4 workers of 4 for evacuation
[2021-11-10T14:48:19.732-0300][gc,phases     ] GC(26)   Pre Evacuate Collection Set: 0.0ms
[2021-11-10T14:48:19.732-0300][gc,phases     ] GC(26)   Evacuate Collection Set: 7.9ms
[2021-11-10T14:48:19.732-0300][gc,phases     ] GC(26)   Post Evacuate Collection Set: 0.7ms
[2021-11-10T14:48:19.732-0300][gc,phases     ] GC(26)   Other: 4.1ms
[2021-11-10T14:48:19.732-0300][gc,heap       ] GC(26) Eden regions: 446->0(472)
[2021-11-10T14:48:19.732-0300][gc,heap       ] GC(26) Survivor regions: 4->4(57)
[2021-11-10T14:48:19.732-0300][gc,heap       ] GC(26) Old regions: 16->16
[2021-11-10T14:48:19.732-0300][gc,heap       ] GC(26) Humongous regions: 129->129
[2021-11-10T14:48:19.732-0300][gc,metaspace  ] GC(26) Metaspace: 52934K->52934K(1097728K)
[2021-11-10T14:48:19.732-0300][gc            ] GC(26) Pause Young (Normal) (G1 Evacuation Pause) 594M->148M(1024M) 12.813ms
[2021-11-10T14:48:19.733-0300][gc,cpu        ] GC(26) User=0.03s Sys=0.00s Real=0.01s
[2021-11-10T17:00:28.432-0300][gc,start      ] GC(27) Pause Young (Normal) (G1 Evacuation Pause)
[2021-11-10T17:00:28.433-0300][gc,task       ] GC(27) Using 4 workers of 4 for evacuation
[2021-11-10T17:00:28.443-0300][gc,phases     ] GC(27)   Pre Evacuate Collection Set: 0.0ms
[2021-11-10T17:00:28.443-0300][gc,phases     ] GC(27)   Evacuate Collection Set: 9.4ms
[2021-11-10T17:00:28.443-0300][gc,phases     ] GC(27)   Post Evacuate Collection Set: 0.8ms
[2021-11-10T17:00:28.443-0300][gc,phases     ] GC(27)   Other: 0.6ms
[2021-11-10T17:00:28.443-0300][gc,heap       ] GC(27) Eden regions: 472->0(506)
[2021-11-10T17:00:28.443-0300][gc,heap       ] GC(27) Survivor regions: 4->3(60)
[2021-11-10T17:00:28.443-0300][gc,heap       ] GC(27) Old regions: 16->17
[2021-11-10T17:00:28.443-0300][gc,heap       ] GC(27) Humongous regions: 129->129
[2021-11-10T17:00:28.443-0300][gc,metaspace  ] GC(27) Metaspace: 52980K->52980K(1097728K)
[2021-11-10T17:00:28.443-0300][gc            ] GC(27) Pause Young (Normal) (G1 Evacuation Pause) 620M->147M(1024M) 10.973ms
[2021-11-10T17:00:28.443-0300][gc,cpu        ] GC(27) User=0.02s Sys=0.00s Real=0.01s
[2021-11-10T19:15:49.349-0300][gc,start      ] GC(28) Pause Young (Normal) (G1 Evacuation Pause)
[2021-11-10T19:15:49.351-0300][gc,task       ] GC(28) Using 4 workers of 4 for evacuation
[2021-11-10T19:15:49.358-0300][gc,phases     ] GC(28)   Pre Evacuate Collection Set: 0.0ms
[2021-11-10T19:15:49.358-0300][gc,phases     ] GC(28)   Evacuate Collection Set: 6.2ms
[2021-11-10T19:15:49.358-0300][gc,phases     ] GC(28)   Post Evacuate Collection Set: 0.8ms
[2021-11-10T19:15:49.358-0300][gc,phases     ] GC(28)   Other: 1.9ms
[2021-11-10T19:15:49.358-0300][gc,heap       ] GC(28) Eden regions: 506->0(529)
[2021-11-10T19:15:49.358-0300][gc,heap       ] GC(28) Survivor regions: 3->3(64)
[2021-11-10T19:15:49.359-0300][gc,heap       ] GC(28) Old regions: 17->17
[2021-11-10T19:15:49.359-0300][gc,heap       ] GC(28) Humongous regions: 129->129
[2021-11-10T19:15:49.359-0300][gc,metaspace  ] GC(28) Metaspace: 52996K->52996K(1097728K)
[2021-11-10T19:15:49.359-0300][gc            ] GC(28) Pause Young (Normal) (G1 Evacuation Pause) 653M->148M(1024M) 9.209ms
[2021-11-10T19:15:49.359-0300][gc,cpu        ] GC(28) User=0.02s Sys=0.01s Real=0.01s
[2021-11-10T21:27:08.039-0300][gc,start      ] GC(29) Pause Young (Normal) (G1 Evacuation Pause)
[2021-11-10T21:27:08.043-0300][gc,task       ] GC(29) Using 4 workers of 4 for evacuation
[2021-11-10T21:27:08.050-0300][gc,phases     ] GC(29)   Pre Evacuate Collection Set: 0.1ms
[2021-11-10T21:27:08.050-0300][gc,phases     ] GC(29)   Evacuate Collection Set: 5.4ms
[2021-11-10T21:27:08.050-0300][gc,phases     ] GC(29)   Post Evacuate Collection Set: 0.6ms
[2021-11-10T21:27:08.050-0300][gc,phases     ] GC(29)   Other: 4.1ms
[2021-11-10T21:27:08.050-0300][gc,heap       ] GC(29) Eden regions: 529->0(558)
[2021-11-10T21:27:08.050-0300][gc,heap       ] GC(29) Survivor regions: 3->3(67)
[2021-11-10T21:27:08.050-0300][gc,heap       ] GC(29) Old regions: 17->17
[2021-11-10T21:27:08.050-0300][gc,heap       ] GC(29) Humongous regions: 129->129
[2021-11-10T21:27:08.050-0300][gc,metaspace  ] GC(29) Metaspace: 53072K->53072K(1097728K)
[2021-11-10T21:27:08.050-0300][gc            ] GC(29) Pause Young (Normal) (G1 Evacuation Pause) 677M->147M(1024M) 10.524ms
[2021-11-10T21:27:08.050-0300][gc,cpu        ] GC(29) User=0.02s Sys=0.00s Real=0.02s
[2021-11-11T13:48:06.442-0300][gc,start      ] GC(30) Pause Young (Normal) (G1 Evacuation Pause)
[2021-11-11T13:48:06.442-0300][gc,task       ] GC(30) Using 4 workers of 4 for evacuation
[2021-11-11T13:48:06.599-0300][gc,mmu        ] GC(30) MMU target violated: 21.0ms (20.0ms/21.0ms)
[2021-11-11T13:48:06.599-0300][gc,phases     ] GC(30)   Pre Evacuate Collection Set: 7.3ms
[2021-11-11T13:48:06.599-0300][gc,phases     ] GC(30)   Evacuate Collection Set: 128.7ms
[2021-11-11T13:48:06.599-0300][gc,phases     ] GC(30)   Post Evacuate Collection Set: 4.3ms
[2021-11-11T13:48:06.599-0300][gc,phases     ] GC(30)   Other: 18.3ms
[2021-11-11T13:48:06.599-0300][gc,heap       ] GC(30) Eden regions: 558->0(47)
[2021-11-11T13:48:06.599-0300][gc,heap       ] GC(30) Survivor regions: 3->4(71)
[2021-11-11T13:48:06.599-0300][gc,heap       ] GC(30) Old regions: 17->17
[2021-11-11T13:48:06.599-0300][gc,heap       ] GC(30) Humongous regions: 129->129
[2021-11-11T13:48:06.600-0300][gc,metaspace  ] GC(30) Metaspace: 53654K->53654K(1097728K)
[2021-11-11T13:48:06.600-0300][gc            ] GC(30) Pause Young (Normal) (G1 Evacuation Pause) 705M->148M(1024M) 158.212ms
[2021-11-11T13:48:06.600-0300][gc,cpu        ] GC(30) User=0.03s Sys=0.12s Real=0.16s
[2021-11-11T13:57:08.727-0300][gc,start      ] GC(31) Pause Young (Normal) (G1 Evacuation Pause)
[2021-11-11T13:57:08.727-0300][gc,task       ] GC(31) Using 4 workers of 4 for evacuation
[2021-11-11T13:57:08.738-0300][gc,phases     ] GC(31)   Pre Evacuate Collection Set: 0.0ms
[2021-11-11T13:57:08.738-0300][gc,phases     ] GC(31)   Evacuate Collection Set: 10.2ms
[2021-11-11T13:57:08.738-0300][gc,phases     ] GC(31)   Post Evacuate Collection Set: 0.5ms
[2021-11-11T13:57:08.738-0300][gc,phases     ] GC(31)   Other: 0.3ms
[2021-11-11T13:57:08.738-0300][gc,heap       ] GC(31) Eden regions: 47->0(47)
[2021-11-11T13:57:08.738-0300][gc,heap       ] GC(31) Survivor regions: 4->4(7)
[2021-11-11T13:57:08.738-0300][gc,heap       ] GC(31) Old regions: 17->17
[2021-11-11T13:57:08.738-0300][gc,heap       ] GC(31) Humongous regions: 129->129
[2021-11-11T13:57:08.738-0300][gc,metaspace  ] GC(31) Metaspace: 53654K->53654K(1097728K)
[2021-11-11T13:57:08.738-0300][gc            ] GC(31) Pause Young (Normal) (G1 Evacuation Pause) 195M->148M(1024M) 11.253ms
[2021-11-11T13:57:08.738-0300][gc,cpu        ] GC(31) User=0.03s Sys=0.01s Real=0.01s
[2021-11-11T14:02:19.964-0300][gc,heap,exit  ] Heap
[2021-11-11T14:02:19.964-0300][gc,heap,exit  ]  garbage-first heap   total 1048576K, used 177097K [0x00000007c0000000, 0x0000000800000000)
[2021-11-11T14:02:19.964-0300][gc,heap,exit  ]   region size 1024K, 30 young (30720K), 4 survivors (4096K)
[2021-11-11T14:02:19.964-0300][gc,heap,exit  ]  Metaspace       used 54206K, capacity 57398K, committed 57552K, reserved 1097728K
[2021-11-11T14:02:19.964-0300][gc,heap,exit  ]   class space    used 6826K, capacity 8361K, committed 8448K, reserved 1048576K
