[2021-11-08T17:28:39.336-0300][gc,heap] Heap region size: 1M
[2021-11-08T17:28:39.349-0300][gc     ] Using G1
[2021-11-08T17:28:39.349-0300][gc,heap,coops] Heap address: 0x00000007c0000000, size: 1024 MB, Compressed Oops mode: Zero based, Oop shift amount: 3
[2021-11-08T17:28:40.899-0300][gc,start     ] GC(0) Pause Young (Concurrent Start) (Metadata GC Threshold)
[2021-11-08T17:28:40.899-0300][gc,task      ] GC(0) Using 4 workers of 4 for evacuation
[2021-11-08T17:28:40.910-0300][gc,phases    ] GC(0)   Pre Evacuate Collection Set: 0.0ms
[2021-11-08T17:28:40.910-0300][gc,phases    ] GC(0)   Evacuate Collection Set: 9.8ms
[2021-11-08T17:28:40.910-0300][gc,phases    ] GC(0)   Post Evacuate Collection Set: 0.6ms
[2021-11-08T17:28:40.910-0300][gc,phases    ] GC(0)   Other: 0.5ms
[2021-11-08T17:28:40.910-0300][gc,heap      ] GC(0) Eden regions: 44->0(44)
[2021-11-08T17:28:40.910-0300][gc,heap      ] GC(0) Survivor regions: 0->7(7)
[2021-11-08T17:28:40.910-0300][gc,heap      ] GC(0) Old regions: 0->0
[2021-11-08T17:28:40.910-0300][gc,heap      ] GC(0) Humongous regions: 0->0
[2021-11-08T17:28:40.910-0300][gc,metaspace ] GC(0) Metaspace: 20710K->20710K(1069056K)
[2021-11-08T17:28:40.910-0300][gc           ] GC(0) Pause Young (Concurrent Start) (Metadata GC Threshold) 43M->6M(1024M) 11.102ms
[2021-11-08T17:28:40.910-0300][gc,cpu       ] GC(0) User=0.02s Sys=0.01s Real=0.02s
[2021-11-08T17:28:40.910-0300][gc           ] GC(1) Concurrent Cycle
[2021-11-08T17:28:40.910-0300][gc,marking   ] GC(1) Concurrent Clear Claimed Marks
[2021-11-08T17:28:40.910-0300][gc,marking   ] GC(1) Concurrent Clear Claimed Marks 0.047ms
[2021-11-08T17:28:40.910-0300][gc,marking   ] GC(1) Concurrent Scan Root Regions
[2021-11-08T17:28:40.914-0300][gc,marking   ] GC(1) Concurrent Scan Root Regions 4.114ms
[2021-11-08T17:28:40.914-0300][gc,marking   ] GC(1) Concurrent Mark (1.589s)
[2021-11-08T17:28:40.914-0300][gc,marking   ] GC(1) Concurrent Mark From Roots
[2021-11-08T17:28:40.914-0300][gc,task      ] GC(1) Using 1 workers of 1 for marking
[2021-11-08T17:28:40.915-0300][gc,marking   ] GC(1) Concurrent Mark From Roots 0.227ms
[2021-11-08T17:28:40.915-0300][gc,marking   ] GC(1) Concurrent Preclean
[2021-11-08T17:28:40.915-0300][gc,marking   ] GC(1) Concurrent Preclean 0.050ms
[2021-11-08T17:28:40.915-0300][gc,marking   ] GC(1) Concurrent Mark (1.589s, 1.589s) 0.387ms
[2021-11-08T17:28:40.915-0300][gc,start     ] GC(1) Pause Remark
[2021-11-08T17:28:40.917-0300][gc,stringtable] GC(1) Cleaned string and symbol table, strings: 7205 processed, 0 removed, symbols: 63508 processed, 31 removed
[2021-11-08T17:28:40.918-0300][gc            ] GC(1) Pause Remark 7M->7M(1024M) 2.664ms
[2021-11-08T17:28:40.918-0300][gc,cpu        ] GC(1) User=0.01s Sys=0.00s Real=0.00s
[2021-11-08T17:28:40.918-0300][gc,marking    ] GC(1) Concurrent Rebuild Remembered Sets
[2021-11-08T17:28:40.918-0300][gc,marking    ] GC(1) Concurrent Rebuild Remembered Sets 0.082ms
[2021-11-08T17:28:40.918-0300][gc,start      ] GC(1) Pause Cleanup
[2021-11-08T17:28:40.918-0300][gc            ] GC(1) Pause Cleanup 7M->7M(1024M) 0.143ms
[2021-11-08T17:28:40.918-0300][gc,cpu        ] GC(1) User=0.00s Sys=0.00s Real=0.00s
[2021-11-08T17:28:40.918-0300][gc,marking    ] GC(1) Concurrent Cleanup for Next Mark
[2021-11-08T17:28:40.927-0300][gc,marking    ] GC(1) Concurrent Cleanup for Next Mark 8.766ms
[2021-11-08T17:28:40.927-0300][gc            ] GC(1) Concurrent Cycle 17.027ms
[2021-11-08T17:28:42.288-0300][gc,start      ] GC(2) Pause Young (Normal) (G1 Evacuation Pause)
[2021-11-08T17:28:42.288-0300][gc,task       ] GC(2) Using 4 workers of 4 for evacuation
[2021-11-08T17:28:42.300-0300][gc,phases     ] GC(2)   Pre Evacuate Collection Set: 0.0ms
[2021-11-08T17:28:42.300-0300][gc,phases     ] GC(2)   Evacuate Collection Set: 10.3ms
[2021-11-08T17:28:42.300-0300][gc,phases     ] GC(2)   Post Evacuate Collection Set: 0.6ms
[2021-11-08T17:28:42.300-0300][gc,phases     ] GC(2)   Other: 0.4ms
[2021-11-08T17:28:42.300-0300][gc,heap       ] GC(2) Eden regions: 44->0(48)
[2021-11-08T17:28:42.300-0300][gc,heap       ] GC(2) Survivor regions: 7->3(7)
[2021-11-08T17:28:42.300-0300][gc,heap       ] GC(2) Old regions: 0->7
[2021-11-08T17:28:42.300-0300][gc,heap       ] GC(2) Humongous regions: 129->129
[2021-11-08T17:28:42.300-0300][gc,metaspace  ] GC(2) Metaspace: 30252K->30252K(1077248K)
[2021-11-08T17:28:42.300-0300][gc            ] GC(2) Pause Young (Normal) (G1 Evacuation Pause) 179M->138M(1024M) 11.513ms
[2021-11-08T17:28:42.300-0300][gc,cpu        ] GC(2) User=0.03s Sys=0.00s Real=0.02s
[2021-11-08T17:28:42.683-0300][gc,start      ] GC(3) Pause Young (Concurrent Start) (Metadata GC Threshold)
[2021-11-08T17:28:42.683-0300][gc,task       ] GC(3) Using 4 workers of 4 for evacuation
[2021-11-08T17:28:42.687-0300][gc,phases     ] GC(3)   Pre Evacuate Collection Set: 0.1ms
[2021-11-08T17:28:42.687-0300][gc,phases     ] GC(3)   Evacuate Collection Set: 3.4ms
[2021-11-08T17:28:42.687-0300][gc,phases     ] GC(3)   Post Evacuate Collection Set: 0.3ms
[2021-11-08T17:28:42.687-0300][gc,phases     ] GC(3)   Other: 0.2ms
[2021-11-08T17:28:42.687-0300][gc,heap       ] GC(3) Eden regions: 21->0(48)
[2021-11-08T17:28:42.687-0300][gc,heap       ] GC(3) Survivor regions: 3->3(7)
[2021-11-08T17:28:42.687-0300][gc,heap       ] GC(3) Old regions: 7->7
[2021-11-08T17:28:42.687-0300][gc,heap       ] GC(3) Humongous regions: 129->129
[2021-11-08T17:28:42.687-0300][gc,metaspace  ] GC(3) Metaspace: 34609K->34609K(1081344K)
[2021-11-08T17:28:42.687-0300][gc            ] GC(3) Pause Young (Concurrent Start) (Metadata GC Threshold) 159M->138M(1024M) 4.143ms
[2021-11-08T17:28:42.687-0300][gc,cpu        ] GC(3) User=0.01s Sys=0.01s Real=0.00s
[2021-11-08T17:28:42.687-0300][gc            ] GC(4) Concurrent Cycle
[2021-11-08T17:28:42.687-0300][gc,marking    ] GC(4) Concurrent Clear Claimed Marks
[2021-11-08T17:28:42.687-0300][gc,marking    ] GC(4) Concurrent Clear Claimed Marks 0.062ms
[2021-11-08T17:28:42.687-0300][gc,marking    ] GC(4) Concurrent Scan Root Regions
[2021-11-08T17:28:42.691-0300][gc,marking    ] GC(4) Concurrent Scan Root Regions 3.455ms
[2021-11-08T17:28:42.691-0300][gc,marking    ] GC(4) Concurrent Mark (3.365s)
[2021-11-08T17:28:42.691-0300][gc,marking    ] GC(4) Concurrent Mark From Roots
[2021-11-08T17:28:42.691-0300][gc,task       ] GC(4) Using 1 workers of 1 for marking
[2021-11-08T17:28:42.702-0300][gc,marking    ] GC(4) Concurrent Mark From Roots 11.534ms
[2021-11-08T17:28:42.702-0300][gc,marking    ] GC(4) Concurrent Preclean
[2021-11-08T17:28:42.702-0300][gc,marking    ] GC(4) Concurrent Preclean 0.081ms
[2021-11-08T17:28:42.702-0300][gc,marking    ] GC(4) Concurrent Mark (3.365s, 3.377s) 11.712ms
[2021-11-08T17:28:42.703-0300][gc,start      ] GC(4) Pause Remark
[2021-11-08T17:28:42.706-0300][gc,stringtable] GC(4) Cleaned string and symbol table, strings: 10815 processed, 7 removed, symbols: 96186 processed, 29 removed
[2021-11-08T17:28:42.706-0300][gc            ] GC(4) Pause Remark 139M->139M(1024M) 3.426ms
[2021-11-08T17:28:42.706-0300][gc,cpu        ] GC(4) User=0.02s Sys=0.00s Real=0.00s
[2021-11-08T17:28:42.706-0300][gc,marking    ] GC(4) Concurrent Rebuild Remembered Sets
[2021-11-08T17:28:42.714-0300][gc,marking    ] GC(4) Concurrent Rebuild Remembered Sets 8.059ms
[2021-11-08T17:28:42.715-0300][gc,start      ] GC(4) Pause Cleanup
[2021-11-08T17:28:42.715-0300][gc            ] GC(4) Pause Cleanup 139M->139M(1024M) 0.150ms
[2021-11-08T17:28:42.715-0300][gc,cpu        ] GC(4) User=0.00s Sys=0.00s Real=0.00s
[2021-11-08T17:28:42.715-0300][gc,marking    ] GC(4) Concurrent Cleanup for Next Mark
[2021-11-08T17:28:42.723-0300][gc,marking    ] GC(4) Concurrent Cleanup for Next Mark 8.538ms
[2021-11-08T17:28:42.723-0300][gc            ] GC(4) Concurrent Cycle 36.423ms
[2021-11-08T17:28:43.707-0300][gc,start      ] GC(5) Pause Young (Normal) (G1 Evacuation Pause)
[2021-11-08T17:28:43.707-0300][gc,task       ] GC(5) Using 4 workers of 4 for evacuation
[2021-11-08T17:28:43.720-0300][gc,phases     ] GC(5)   Pre Evacuate Collection Set: 0.0ms
[2021-11-08T17:28:43.720-0300][gc,phases     ] GC(5)   Evacuate Collection Set: 11.6ms
[2021-11-08T17:28:43.720-0300][gc,phases     ] GC(5)   Post Evacuate Collection Set: 0.6ms
[2021-11-08T17:28:43.720-0300][gc,phases     ] GC(5)   Other: 0.2ms
[2021-11-08T17:28:43.720-0300][gc,heap       ] GC(5) Eden regions: 48->0(44)
[2021-11-08T17:28:43.720-0300][gc,heap       ] GC(5) Survivor regions: 3->7(7)
[2021-11-08T17:28:43.720-0300][gc,heap       ] GC(5) Old regions: 7->7
[2021-11-08T17:28:43.720-0300][gc,heap       ] GC(5) Humongous regions: 129->129
[2021-11-08T17:28:43.720-0300][gc,metaspace  ] GC(5) Metaspace: 43023K->43023K(1087488K)
[2021-11-08T17:28:43.720-0300][gc            ] GC(5) Pause Young (Normal) (G1 Evacuation Pause) 186M->141M(1024M) 12.610ms
[2021-11-08T17:28:43.720-0300][gc,cpu        ] GC(5) User=0.03s Sys=0.00s Real=0.02s
[2021-11-08T17:33:23.701-0300][gc,start      ] GC(6) Pause Young (Normal) (G1 Evacuation Pause)
[2021-11-08T17:33:23.701-0300][gc,task       ] GC(6) Using 4 workers of 4 for evacuation
[2021-11-08T17:33:23.716-0300][gc,phases     ] GC(6)   Pre Evacuate Collection Set: 0.0ms
[2021-11-08T17:33:23.716-0300][gc,phases     ] GC(6)   Evacuate Collection Set: 13.5ms
[2021-11-08T17:33:23.716-0300][gc,phases     ] GC(6)   Post Evacuate Collection Set: 0.9ms
[2021-11-08T17:33:23.716-0300][gc,phases     ] GC(6)   Other: 0.3ms
[2021-11-08T17:33:23.716-0300][gc,heap       ] GC(6) Eden regions: 44->0(48)
[2021-11-08T17:33:23.716-0300][gc,heap       ] GC(6) Survivor regions: 7->3(7)
[2021-11-08T17:33:23.716-0300][gc,heap       ] GC(6) Old regions: 7->13
[2021-11-08T17:33:23.716-0300][gc,heap       ] GC(6) Humongous regions: 129->129
[2021-11-08T17:33:23.716-0300][gc,metaspace  ] GC(6) Metaspace: 48992K->48992K(1093632K)
[2021-11-08T17:33:23.716-0300][gc            ] GC(6) Pause Young (Normal) (G1 Evacuation Pause) 185M->144M(1024M) 14.890ms
[2021-11-08T17:33:23.716-0300][gc,cpu        ] GC(6) User=0.05s Sys=0.01s Real=0.01s
[2021-11-08T17:34:35.333-0300][gc,heap,exit  ] Heap
[2021-11-08T17:34:35.333-0300][gc,heap,exit  ]  garbage-first heap   total 1048576K, used 164362K [0x00000007c0000000, 0x0000000800000000)
[2021-11-08T17:34:35.333-0300][gc,heap,exit  ]   region size 1024K, 20 young (20480K), 3 survivors (3072K)
[2021-11-08T17:34:35.333-0300][gc,heap,exit  ]  Metaspace       used 50492K, capacity 53128K, committed 53296K, reserved 1095680K
[2021-11-08T17:34:35.333-0300][gc,heap,exit  ]   class space    used 6427K, capacity 7755K, committed 7808K, reserved 1048576K
