[2021-11-11T14:58:20.592-0300][gc,heap] Heap region size: 1M
[2021-11-11T14:58:20.603-0300][gc     ] Using G1
[2021-11-11T14:58:20.603-0300][gc,heap,coops] Heap address: 0x00000007c0000000, size: 1024 MB, Compressed Oops mode: Zero based, Oop shift amount: 3
[2021-11-11T14:58:22.106-0300][gc,start     ] GC(0) Pause Young (Concurrent Start) (Metadata GC Threshold)
[2021-11-11T14:58:22.106-0300][gc,task      ] GC(0) Using 4 workers of 4 for evacuation
[2021-11-11T14:58:22.116-0300][gc,phases    ] GC(0)   Pre Evacuate Collection Set: 0.1ms
[2021-11-11T14:58:22.116-0300][gc,phases    ] GC(0)   Evacuate Collection Set: 9.3ms
[2021-11-11T14:58:22.116-0300][gc,phases    ] GC(0)   Post Evacuate Collection Set: 0.5ms
[2021-11-11T14:58:22.116-0300][gc,phases    ] GC(0)   Other: 0.6ms
[2021-11-11T14:58:22.116-0300][gc,heap      ] GC(0) Eden regions: 44->0(44)
[2021-11-11T14:58:22.116-0300][gc,heap      ] GC(0) Survivor regions: 0->7(7)
[2021-11-11T14:58:22.116-0300][gc,heap      ] GC(0) Old regions: 0->0
[2021-11-11T14:58:22.116-0300][gc,heap      ] GC(0) Humongous regions: 0->0
[2021-11-11T14:58:22.116-0300][gc,metaspace ] GC(0) Metaspace: 20722K->20722K(1069056K)
[2021-11-11T14:58:22.116-0300][gc           ] GC(0) Pause Young (Concurrent Start) (Metadata GC Threshold) 43M->6M(1024M) 10.725ms
[2021-11-11T14:58:22.116-0300][gc,cpu       ] GC(0) User=0.02s Sys=0.00s Real=0.01s
[2021-11-11T14:58:22.116-0300][gc           ] GC(1) Concurrent Cycle
[2021-11-11T14:58:22.117-0300][gc,marking   ] GC(1) Concurrent Clear Claimed Marks
[2021-11-11T14:58:22.117-0300][gc,marking   ] GC(1) Concurrent Clear Claimed Marks 0.047ms
[2021-11-11T14:58:22.117-0300][gc,marking   ] GC(1) Concurrent Scan Root Regions
[2021-11-11T14:58:22.121-0300][gc,marking   ] GC(1) Concurrent Scan Root Regions 4.558ms
[2021-11-11T14:58:22.121-0300][gc,marking   ] GC(1) Concurrent Mark (1.543s)
[2021-11-11T14:58:22.121-0300][gc,marking   ] GC(1) Concurrent Mark From Roots
[2021-11-11T14:58:22.121-0300][gc,task      ] GC(1) Using 1 workers of 1 for marking
[2021-11-11T14:58:22.121-0300][gc,marking   ] GC(1) Concurrent Mark From Roots 0.228ms
[2021-11-11T14:58:22.122-0300][gc,marking   ] GC(1) Concurrent Preclean
[2021-11-11T14:58:22.122-0300][gc,marking   ] GC(1) Concurrent Preclean 0.033ms
[2021-11-11T14:58:22.122-0300][gc,marking   ] GC(1) Concurrent Mark (1.543s, 1.543s) 0.335ms
[2021-11-11T14:58:22.122-0300][gc,start     ] GC(1) Pause Remark
[2021-11-11T14:58:22.124-0300][gc,stringtable] GC(1) Cleaned string and symbol table, strings: 7190 processed, 0 removed, symbols: 63509 processed, 31 removed
[2021-11-11T14:58:22.124-0300][gc            ] GC(1) Pause Remark 7M->7M(1024M) 2.522ms
[2021-11-11T14:58:22.124-0300][gc,cpu        ] GC(1) User=0.00s Sys=0.00s Real=0.00s
[2021-11-11T14:58:22.124-0300][gc,marking    ] GC(1) Concurrent Rebuild Remembered Sets
[2021-11-11T14:58:22.124-0300][gc,marking    ] GC(1) Concurrent Rebuild Remembered Sets 0.071ms
[2021-11-11T14:58:22.124-0300][gc,start      ] GC(1) Pause Cleanup
[2021-11-11T14:58:22.125-0300][gc            ] GC(1) Pause Cleanup 7M->7M(1024M) 0.165ms
[2021-11-11T14:58:22.125-0300][gc,cpu        ] GC(1) User=0.00s Sys=0.00s Real=0.00s
[2021-11-11T14:58:22.125-0300][gc,marking    ] GC(1) Concurrent Cleanup for Next Mark
[2021-11-11T14:58:22.135-0300][gc,marking    ] GC(1) Concurrent Cleanup for Next Mark 9.826ms
[2021-11-11T14:58:22.135-0300][gc            ] GC(1) Concurrent Cycle 18.164ms
[2021-11-11T14:58:23.329-0300][gc,start      ] GC(2) Pause Young (Normal) (G1 Evacuation Pause)
[2021-11-11T14:58:23.329-0300][gc,task       ] GC(2) Using 4 workers of 4 for evacuation
[2021-11-11T14:58:23.341-0300][gc,phases     ] GC(2)   Pre Evacuate Collection Set: 0.1ms
[2021-11-11T14:58:23.341-0300][gc,phases     ] GC(2)   Evacuate Collection Set: 10.8ms
[2021-11-11T14:58:23.341-0300][gc,phases     ] GC(2)   Post Evacuate Collection Set: 0.7ms
[2021-11-11T14:58:23.341-0300][gc,phases     ] GC(2)   Other: 0.3ms
[2021-11-11T14:58:23.341-0300][gc,heap       ] GC(2) Eden regions: 44->0(49)
[2021-11-11T14:58:23.341-0300][gc,heap       ] GC(2) Survivor regions: 7->2(7)
[2021-11-11T14:58:23.341-0300][gc,heap       ] GC(2) Old regions: 0->7
[2021-11-11T14:58:23.341-0300][gc,heap       ] GC(2) Humongous regions: 0->0
[2021-11-11T14:58:23.341-0300][gc,metaspace  ] GC(2) Metaspace: 30495K->30495K(1077248K)
[2021-11-11T14:58:23.341-0300][gc            ] GC(2) Pause Young (Normal) (G1 Evacuation Pause) 50M->8M(1024M) 11.988ms
[2021-11-11T14:58:23.341-0300][gc,cpu        ] GC(2) User=0.03s Sys=0.01s Real=0.02s
[2021-11-11T14:58:24.486-0300][gc,start      ] GC(3) Pause Young (Concurrent Start) (Metadata GC Threshold)
[2021-11-11T14:58:24.486-0300][gc,task       ] GC(3) Using 4 workers of 4 for evacuation
[2021-11-11T14:58:24.491-0300][gc,phases     ] GC(3)   Pre Evacuate Collection Set: 0.1ms
[2021-11-11T14:58:24.491-0300][gc,phases     ] GC(3)   Evacuate Collection Set: 4.0ms
[2021-11-11T14:58:24.491-0300][gc,phases     ] GC(3)   Post Evacuate Collection Set: 0.4ms
[2021-11-11T14:58:24.491-0300][gc,phases     ] GC(3)   Other: 0.3ms
[2021-11-11T14:58:24.491-0300][gc,heap       ] GC(3) Eden regions: 27->0(48)
[2021-11-11T14:58:24.491-0300][gc,heap       ] GC(3) Survivor regions: 2->3(7)
[2021-11-11T14:58:24.491-0300][gc,heap       ] GC(3) Old regions: 7->7
[2021-11-11T14:58:24.491-0300][gc,heap       ] GC(3) Humongous regions: 129->129
[2021-11-11T14:58:24.491-0300][gc,metaspace  ] GC(3) Metaspace: 34506K->34506K(1081344K)
[2021-11-11T14:58:24.491-0300][gc            ] GC(3) Pause Young (Concurrent Start) (Metadata GC Threshold) 163M->138M(1024M) 4.914ms
[2021-11-11T14:58:24.491-0300][gc,cpu        ] GC(3) User=0.01s Sys=0.00s Real=0.01s
[2021-11-11T14:58:24.491-0300][gc            ] GC(4) Concurrent Cycle
[2021-11-11T14:58:24.491-0300][gc,marking    ] GC(4) Concurrent Clear Claimed Marks
[2021-11-11T14:58:24.491-0300][gc,marking    ] GC(4) Concurrent Clear Claimed Marks 0.079ms
[2021-11-11T14:58:24.491-0300][gc,marking    ] GC(4) Concurrent Scan Root Regions
[2021-11-11T14:58:24.495-0300][gc,marking    ] GC(4) Concurrent Scan Root Regions 3.502ms
[2021-11-11T14:58:24.495-0300][gc,marking    ] GC(4) Concurrent Mark (3.916s)
[2021-11-11T14:58:24.495-0300][gc,marking    ] GC(4) Concurrent Mark From Roots
[2021-11-11T14:58:24.495-0300][gc,task       ] GC(4) Using 1 workers of 1 for marking
[2021-11-11T14:58:24.505-0300][gc,marking    ] GC(4) Concurrent Mark From Roots 9.716ms
[2021-11-11T14:58:24.505-0300][gc,marking    ] GC(4) Concurrent Preclean
[2021-11-11T14:58:24.505-0300][gc,marking    ] GC(4) Concurrent Preclean 0.112ms
[2021-11-11T14:58:24.505-0300][gc,marking    ] GC(4) Concurrent Mark (3.916s, 3.926s) 9.963ms
[2021-11-11T14:58:24.505-0300][gc,start      ] GC(4) Pause Remark
[2021-11-11T14:58:24.509-0300][gc,stringtable] GC(4) Cleaned string and symbol table, strings: 10638 processed, 8 removed, symbols: 94759 processed, 24 removed
[2021-11-11T14:58:24.509-0300][gc            ] GC(4) Pause Remark 140M->140M(1024M) 3.828ms
[2021-11-11T14:58:24.509-0300][gc,cpu        ] GC(4) User=0.01s Sys=0.00s Real=0.00s
[2021-11-11T14:58:24.509-0300][gc,marking    ] GC(4) Concurrent Rebuild Remembered Sets
[2021-11-11T14:58:24.515-0300][gc,marking    ] GC(4) Concurrent Rebuild Remembered Sets 6.285ms
[2021-11-11T14:58:24.516-0300][gc,start      ] GC(4) Pause Cleanup
[2021-11-11T14:58:24.516-0300][gc            ] GC(4) Pause Cleanup 140M->140M(1024M) 0.128ms
[2021-11-11T14:58:24.516-0300][gc,cpu        ] GC(4) User=0.01s Sys=0.00s Real=0.00s
[2021-11-11T14:58:24.516-0300][gc,marking    ] GC(4) Concurrent Cleanup for Next Mark
[2021-11-11T14:58:24.525-0300][gc,marking    ] GC(4) Concurrent Cleanup for Next Mark 9.415ms
[2021-11-11T14:58:24.525-0300][gc            ] GC(4) Concurrent Cycle 34.059ms
[2021-11-11T14:58:25.380-0300][gc,start      ] GC(5) Pause Young (Normal) (G1 Evacuation Pause)
[2021-11-11T14:58:25.380-0300][gc,task       ] GC(5) Using 4 workers of 4 for evacuation
[2021-11-11T14:58:25.397-0300][gc,phases     ] GC(5)   Pre Evacuate Collection Set: 0.0ms
[2021-11-11T14:58:25.397-0300][gc,phases     ] GC(5)   Evacuate Collection Set: 15.4ms
[2021-11-11T14:58:25.397-0300][gc,phases     ] GC(5)   Post Evacuate Collection Set: 0.6ms
[2021-11-11T14:58:25.397-0300][gc,phases     ] GC(5)   Other: 0.4ms
[2021-11-11T14:58:25.397-0300][gc,heap       ] GC(5) Eden regions: 48->0(44)
[2021-11-11T14:58:25.397-0300][gc,heap       ] GC(5) Survivor regions: 3->7(7)
[2021-11-11T14:58:25.397-0300][gc,heap       ] GC(5) Old regions: 7->7
[2021-11-11T14:58:25.397-0300][gc,heap       ] GC(5) Humongous regions: 129->129
[2021-11-11T14:58:25.397-0300][gc,metaspace  ] GC(5) Metaspace: 42842K->42842K(1087488K)
[2021-11-11T14:58:25.397-0300][gc            ] GC(5) Pause Young (Normal) (G1 Evacuation Pause) 186M->142M(1024M) 16.800ms
[2021-11-11T14:58:25.397-0300][gc,cpu        ] GC(5) User=0.04s Sys=0.01s Real=0.01s
[2021-11-11T15:07:39.480-0300][gc,start      ] GC(6) Pause Young (Normal) (G1 Evacuation Pause)
[2021-11-11T15:07:39.480-0300][gc,task       ] GC(6) Using 4 workers of 4 for evacuation
[2021-11-11T15:07:39.495-0300][gc,phases     ] GC(6)   Pre Evacuate Collection Set: 0.0ms
[2021-11-11T15:07:39.495-0300][gc,phases     ] GC(6)   Evacuate Collection Set: 13.3ms
[2021-11-11T15:07:39.495-0300][gc,phases     ] GC(6)   Post Evacuate Collection Set: 0.7ms
[2021-11-11T15:07:39.495-0300][gc,phases     ] GC(6)   Other: 0.3ms
[2021-11-11T15:07:39.495-0300][gc,heap       ] GC(6) Eden regions: 44->0(49)
[2021-11-11T15:07:39.495-0300][gc,heap       ] GC(6) Survivor regions: 7->2(7)
[2021-11-11T15:07:39.495-0300][gc,heap       ] GC(6) Old regions: 7->14
[2021-11-11T15:07:39.495-0300][gc,heap       ] GC(6) Humongous regions: 159->129
[2021-11-11T15:07:39.495-0300][gc,metaspace  ] GC(6) Metaspace: 48298K->48298K(1093632K)
[2021-11-11T15:07:39.495-0300][gc            ] GC(6) Pause Young (Normal) (G1 Evacuation Pause) 216M->144M(1024M) 14.526ms
[2021-11-11T15:07:39.495-0300][gc,cpu        ] GC(6) User=0.05s Sys=0.01s Real=0.01s
[2021-11-11T15:40:18.435-0300][gc,start      ] GC(7) Pause Young (Normal) (G1 Evacuation Pause)
[2021-11-11T15:40:18.437-0300][gc,task       ] GC(7) Using 4 workers of 4 for evacuation
[2021-11-11T15:40:18.468-0300][gc,mmu        ] GC(7) MMU target violated: 21.0ms (20.0ms/21.0ms)
[2021-11-11T15:40:18.468-0300][gc,phases     ] GC(7)   Pre Evacuate Collection Set: 1.7ms
[2021-11-11T15:40:18.468-0300][gc,phases     ] GC(7)   Evacuate Collection Set: 27.9ms
[2021-11-11T15:40:18.468-0300][gc,phases     ] GC(7)   Post Evacuate Collection Set: 0.9ms
[2021-11-11T15:40:18.468-0300][gc,phases     ] GC(7)   Other: 2.5ms
[2021-11-11T15:40:18.468-0300][gc,heap       ] GC(7) Eden regions: 49->0(47)
[2021-11-11T15:40:18.468-0300][gc,heap       ] GC(7) Survivor regions: 2->4(7)
[2021-11-11T15:40:18.468-0300][gc,heap       ] GC(7) Old regions: 14->14
[2021-11-11T15:40:18.468-0300][gc,heap       ] GC(7) Humongous regions: 129->129
[2021-11-11T15:40:18.468-0300][gc,metaspace  ] GC(7) Metaspace: 50996K->50996K(1095680K)
[2021-11-11T15:40:18.468-0300][gc            ] GC(7) Pause Young (Normal) (G1 Evacuation Pause) 193M->145M(1024M) 33.376ms
[2021-11-11T15:40:18.468-0300][gc,cpu        ] GC(7) User=0.03s Sys=0.07s Real=0.03s
[2021-11-11T15:55:05.521-0300][gc,start      ] GC(8) Pause Young (Normal) (G1 Evacuation Pause)
[2021-11-11T15:55:05.522-0300][gc,task       ] GC(8) Using 4 workers of 4 for evacuation
[2021-11-11T15:55:05.613-0300][gc,mmu        ] GC(8) MMU target violated: 21.0ms (20.0ms/21.0ms)
[2021-11-11T15:55:05.613-0300][gc,phases     ] GC(8)   Pre Evacuate Collection Set: 0.1ms
[2021-11-11T15:55:05.613-0300][gc,phases     ] GC(8)   Evacuate Collection Set: 27.7ms
[2021-11-11T15:55:05.613-0300][gc,phases     ] GC(8)   Post Evacuate Collection Set: 62.2ms
[2021-11-11T15:55:05.613-0300][gc,phases     ] GC(8)   Other: 2.2ms
[2021-11-11T15:55:05.613-0300][gc,heap       ] GC(8) Eden regions: 47->0(47)
[2021-11-11T15:55:05.613-0300][gc,heap       ] GC(8) Survivor regions: 4->4(7)
[2021-11-11T15:55:05.613-0300][gc,heap       ] GC(8) Old regions: 14->14
[2021-11-11T15:55:05.613-0300][gc,heap       ] GC(8) Humongous regions: 129->129
[2021-11-11T15:55:05.613-0300][gc,metaspace  ] GC(8) Metaspace: 51512K->51512K(1095680K)
[2021-11-11T15:55:05.613-0300][gc            ] GC(8) Pause Young (Normal) (G1 Evacuation Pause) 192M->146M(1024M) 92.396ms
[2021-11-11T15:55:05.613-0300][gc,cpu        ] GC(8) User=0.03s Sys=0.00s Real=0.09s
[2021-11-11T16:29:30.174-0300][gc,start      ] GC(9) Pause Young (Normal) (G1 Evacuation Pause)
[2021-11-11T16:29:30.174-0300][gc,task       ] GC(9) Using 4 workers of 4 for evacuation
[2021-11-11T16:29:30.186-0300][gc,phases     ] GC(9)   Pre Evacuate Collection Set: 0.0ms
[2021-11-11T16:29:30.186-0300][gc,phases     ] GC(9)   Evacuate Collection Set: 10.7ms
[2021-11-11T16:29:30.186-0300][gc,phases     ] GC(9)   Post Evacuate Collection Set: 0.7ms
[2021-11-11T16:29:30.186-0300][gc,phases     ] GC(9)   Other: 0.3ms
[2021-11-11T16:29:30.186-0300][gc,heap       ] GC(9) Eden regions: 47->0(48)
[2021-11-11T16:29:30.186-0300][gc,heap       ] GC(9) Survivor regions: 4->3(7)
[2021-11-11T16:29:30.186-0300][gc,heap       ] GC(9) Old regions: 14->15
[2021-11-11T16:29:30.186-0300][gc,heap       ] GC(9) Humongous regions: 129->129
[2021-11-11T16:29:30.186-0300][gc,metaspace  ] GC(9) Metaspace: 51623K->51623K(1095680K)
[2021-11-11T16:29:30.186-0300][gc            ] GC(9) Pause Young (Normal) (G1 Evacuation Pause) 193M->146M(1024M) 11.955ms
[2021-11-11T16:29:30.186-0300][gc,cpu        ] GC(9) User=0.03s Sys=0.00s Real=0.01s
[2021-11-11T17:09:05.114-0300][gc,start      ] GC(10) Pause Young (Normal) (G1 Evacuation Pause)
[2021-11-11T17:09:05.114-0300][gc,task       ] GC(10) Using 4 workers of 4 for evacuation
[2021-11-11T17:09:05.120-0300][gc,phases     ] GC(10)   Pre Evacuate Collection Set: 0.0ms
[2021-11-11T17:09:05.120-0300][gc,phases     ] GC(10)   Evacuate Collection Set: 4.9ms
[2021-11-11T17:09:05.120-0300][gc,phases     ] GC(10)   Post Evacuate Collection Set: 0.5ms
[2021-11-11T17:09:05.120-0300][gc,phases     ] GC(10)   Other: 0.3ms
[2021-11-11T17:09:05.120-0300][gc,heap       ] GC(10) Eden regions: 48->0(47)
[2021-11-11T17:09:05.120-0300][gc,heap       ] GC(10) Survivor regions: 3->4(7)
[2021-11-11T17:09:05.120-0300][gc,heap       ] GC(10) Old regions: 15->15
[2021-11-11T17:09:05.120-0300][gc,heap       ] GC(10) Humongous regions: 129->129
[2021-11-11T17:09:05.120-0300][gc,metaspace  ] GC(10) Metaspace: 51841K->51841K(1095680K)
[2021-11-11T17:09:05.120-0300][gc            ] GC(10) Pause Young (Normal) (G1 Evacuation Pause) 194M->146M(1024M) 5.942ms
[2021-11-11T17:09:05.120-0300][gc,cpu        ] GC(10) User=0.02s Sys=0.00s Real=0.01s
[2021-11-11T17:48:05.059-0300][gc,start      ] GC(11) Pause Young (Normal) (G1 Evacuation Pause)
[2021-11-11T17:48:05.059-0300][gc,task       ] GC(11) Using 4 workers of 4 for evacuation
[2021-11-11T17:48:05.066-0300][gc,phases     ] GC(11)   Pre Evacuate Collection Set: 0.0ms
[2021-11-11T17:48:05.066-0300][gc,phases     ] GC(11)   Evacuate Collection Set: 5.9ms
[2021-11-11T17:48:05.066-0300][gc,phases     ] GC(11)   Post Evacuate Collection Set: 0.5ms
[2021-11-11T17:48:05.066-0300][gc,phases     ] GC(11)   Other: 0.7ms
[2021-11-11T17:48:05.066-0300][gc,heap       ] GC(11) Eden regions: 47->0(47)
[2021-11-11T17:48:05.066-0300][gc,heap       ] GC(11) Survivor regions: 4->4(7)
[2021-11-11T17:48:05.066-0300][gc,heap       ] GC(11) Old regions: 15->15
[2021-11-11T17:48:05.066-0300][gc,heap       ] GC(11) Humongous regions: 129->129
[2021-11-11T17:48:05.066-0300][gc,metaspace  ] GC(11) Metaspace: 51866K->51866K(1095680K)
[2021-11-11T17:48:05.066-0300][gc            ] GC(11) Pause Young (Normal) (G1 Evacuation Pause) 193M->146M(1024M) 7.293ms
[2021-11-11T17:48:05.066-0300][gc,cpu        ] GC(11) User=0.02s Sys=0.00s Real=0.01s
[2021-11-11T18:27:10.005-0300][gc,start      ] GC(12) Pause Young (Normal) (G1 Evacuation Pause)
[2021-11-11T18:27:10.005-0300][gc,task       ] GC(12) Using 4 workers of 4 for evacuation
[2021-11-11T18:27:10.012-0300][gc,phases     ] GC(12)   Pre Evacuate Collection Set: 0.0ms
[2021-11-11T18:27:10.012-0300][gc,phases     ] GC(12)   Evacuate Collection Set: 6.2ms
[2021-11-11T18:27:10.012-0300][gc,phases     ] GC(12)   Post Evacuate Collection Set: 0.4ms
[2021-11-11T18:27:10.012-0300][gc,phases     ] GC(12)   Other: 0.3ms
[2021-11-11T18:27:10.012-0300][gc,heap       ] GC(12) Eden regions: 47->0(47)
[2021-11-11T18:27:10.012-0300][gc,heap       ] GC(12) Survivor regions: 4->4(7)
[2021-11-11T18:27:10.012-0300][gc,heap       ] GC(12) Old regions: 15->15
[2021-11-11T18:27:10.012-0300][gc,heap       ] GC(12) Humongous regions: 129->129
[2021-11-11T18:27:10.012-0300][gc,metaspace  ] GC(12) Metaspace: 51885K->51885K(1095680K)
[2021-11-11T18:27:10.012-0300][gc            ] GC(12) Pause Young (Normal) (G1 Evacuation Pause) 193M->146M(1024M) 7.180ms
[2021-11-11T18:27:10.012-0300][gc,cpu        ] GC(12) User=0.03s Sys=0.00s Real=0.01s
[2021-11-11T19:06:33.713-0300][gc,start      ] GC(13) Pause Young (Normal) (G1 Evacuation Pause)
[2021-11-11T19:06:33.714-0300][gc,task       ] GC(13) Using 4 workers of 4 for evacuation
[2021-11-11T19:06:33.721-0300][gc,phases     ] GC(13)   Pre Evacuate Collection Set: 0.0ms
[2021-11-11T19:06:33.721-0300][gc,phases     ] GC(13)   Evacuate Collection Set: 6.4ms
[2021-11-11T19:06:33.721-0300][gc,phases     ] GC(13)   Post Evacuate Collection Set: 0.5ms
[2021-11-11T19:06:33.721-0300][gc,phases     ] GC(13)   Other: 0.6ms
[2021-11-11T19:06:33.721-0300][gc,heap       ] GC(13) Eden regions: 47->0(47)
[2021-11-11T19:06:33.721-0300][gc,heap       ] GC(13) Survivor regions: 4->4(7)
[2021-11-11T19:06:33.721-0300][gc,heap       ] GC(13) Old regions: 15->15
[2021-11-11T19:06:33.721-0300][gc,heap       ] GC(13) Humongous regions: 129->129
[2021-11-11T19:06:33.721-0300][gc,metaspace  ] GC(13) Metaspace: 51886K->51886K(1095680K)
[2021-11-11T19:06:33.721-0300][gc            ] GC(13) Pause Young (Normal) (G1 Evacuation Pause) 193M->146M(1024M) 7.704ms
[2021-11-11T19:06:33.721-0300][gc,cpu        ] GC(13) User=0.03s Sys=0.00s Real=0.01s
[2021-11-11T19:46:04.883-0300][gc,start      ] GC(14) Pause Young (Normal) (G1 Evacuation Pause)
[2021-11-11T19:46:04.883-0300][gc,task       ] GC(14) Using 4 workers of 4 for evacuation
[2021-11-11T19:46:04.889-0300][gc,phases     ] GC(14)   Pre Evacuate Collection Set: 0.0ms
[2021-11-11T19:46:04.889-0300][gc,phases     ] GC(14)   Evacuate Collection Set: 6.1ms
[2021-11-11T19:46:04.889-0300][gc,phases     ] GC(14)   Post Evacuate Collection Set: 0.4ms
[2021-11-11T19:46:04.889-0300][gc,phases     ] GC(14)   Other: 0.3ms
[2021-11-11T19:46:04.889-0300][gc,heap       ] GC(14) Eden regions: 47->0(52)
[2021-11-11T19:46:04.889-0300][gc,heap       ] GC(14) Survivor regions: 4->4(7)
[2021-11-11T19:46:04.889-0300][gc,heap       ] GC(14) Old regions: 15->15
[2021-11-11T19:46:04.890-0300][gc,heap       ] GC(14) Humongous regions: 129->129
[2021-11-11T19:46:04.890-0300][gc,metaspace  ] GC(14) Metaspace: 51901K->51901K(1095680K)
[2021-11-11T19:46:04.890-0300][gc            ] GC(14) Pause Young (Normal) (G1 Evacuation Pause) 193M->146M(1024M) 7.022ms
[2021-11-11T19:46:04.890-0300][gc,cpu        ] GC(14) User=0.03s Sys=0.00s Real=0.01s
[2021-11-11T20:29:56.348-0300][gc,start      ] GC(15) Pause Young (Normal) (G1 Evacuation Pause)
[2021-11-11T20:29:56.348-0300][gc,task       ] GC(15) Using 4 workers of 4 for evacuation
[2021-11-11T20:29:56.358-0300][gc,phases     ] GC(15)   Pre Evacuate Collection Set: 0.0ms
[2021-11-11T20:29:56.358-0300][gc,phases     ] GC(15)   Evacuate Collection Set: 9.1ms
[2021-11-11T20:29:56.358-0300][gc,phases     ] GC(15)   Post Evacuate Collection Set: 0.5ms
[2021-11-11T20:29:56.358-0300][gc,phases     ] GC(15)   Other: 0.4ms
[2021-11-11T20:29:56.358-0300][gc,heap       ] GC(15) Eden regions: 52->0(92)
[2021-11-11T20:29:56.358-0300][gc,heap       ] GC(15) Survivor regions: 4->4(7)
[2021-11-11T20:29:56.358-0300][gc,heap       ] GC(15) Old regions: 15->15
[2021-11-11T20:29:56.358-0300][gc,heap       ] GC(15) Humongous regions: 129->129
[2021-11-11T20:29:56.358-0300][gc,metaspace  ] GC(15) Metaspace: 51904K->51904K(1095680K)
[2021-11-11T20:29:56.358-0300][gc            ] GC(15) Pause Young (Normal) (G1 Evacuation Pause) 198M->146M(1024M) 10.137ms
[2021-11-11T20:29:56.358-0300][gc,cpu        ] GC(15) User=0.03s Sys=0.00s Real=0.01s
[2021-11-11T21:27:45.068-0300][gc,start      ] GC(16) Pause Young (Normal) (G1 Evacuation Pause)
[2021-11-11T21:27:45.069-0300][gc,task       ] GC(16) Using 4 workers of 4 for evacuation
[2021-11-11T21:27:45.078-0300][gc,phases     ] GC(16)   Pre Evacuate Collection Set: 0.0ms
[2021-11-11T21:27:45.078-0300][gc,phases     ] GC(16)   Evacuate Collection Set: 7.7ms
[2021-11-11T21:27:45.078-0300][gc,phases     ] GC(16)   Post Evacuate Collection Set: 0.6ms
[2021-11-11T21:27:45.078-0300][gc,phases     ] GC(16)   Other: 0.8ms
[2021-11-11T21:27:45.078-0300][gc,heap       ] GC(16) Eden regions: 92->0(610)
[2021-11-11T21:27:45.078-0300][gc,heap       ] GC(16) Survivor regions: 4->4(12)
[2021-11-11T21:27:45.078-0300][gc,heap       ] GC(16) Old regions: 15->15
[2021-11-11T21:27:45.078-0300][gc,heap       ] GC(16) Humongous regions: 129->129
[2021-11-11T21:27:45.078-0300][gc,metaspace  ] GC(16) Metaspace: 51931K->51931K(1095680K)
[2021-11-11T21:27:45.078-0300][gc            ] GC(16) Pause Young (Normal) (G1 Evacuation Pause) 238M->147M(1024M) 9.303ms
[2021-11-11T21:27:45.078-0300][gc,cpu        ] GC(16) User=0.03s Sys=0.00s Real=0.01s
[2021-11-12T01:20:39.330-0300][gc,start      ] GC(17) Pause Young (Normal) (G1 Evacuation Pause)
[2021-11-12T01:20:39.330-0300][gc,task       ] GC(17) Using 4 workers of 4 for evacuation
[2021-11-12T01:20:39.339-0300][gc,phases     ] GC(17)   Pre Evacuate Collection Set: 0.0ms
[2021-11-12T01:20:39.339-0300][gc,phases     ] GC(17)   Evacuate Collection Set: 7.6ms
[2021-11-12T01:20:39.339-0300][gc,phases     ] GC(17)   Post Evacuate Collection Set: 1.4ms
[2021-11-12T01:20:39.339-0300][gc,phases     ] GC(17)   Other: 0.7ms
[2021-11-12T01:20:39.339-0300][gc,heap       ] GC(17) Eden regions: 610->0(610)
[2021-11-12T01:20:39.339-0300][gc,heap       ] GC(17) Survivor regions: 4->4(77)
[2021-11-12T01:20:39.339-0300][gc,heap       ] GC(17) Old regions: 15->15
[2021-11-12T01:20:39.339-0300][gc,heap       ] GC(17) Humongous regions: 129->129
[2021-11-12T01:20:39.339-0300][gc,metaspace  ] GC(17) Metaspace: 52045K->52045K(1097728K)
[2021-11-12T01:20:39.340-0300][gc            ] GC(17) Pause Young (Normal) (G1 Evacuation Pause) 757M->147M(1024M) 9.824ms
[2021-11-12T01:20:39.340-0300][gc,cpu        ] GC(17) User=0.03s Sys=0.00s Real=0.01s
[2021-11-12T02:39:26.724-0300][gc,start      ] GC(18) Pause Young (Normal) (G1 Evacuation Pause)
[2021-11-12T02:39:26.724-0300][gc,task       ] GC(18) Using 4 workers of 4 for evacuation
[2021-11-12T02:39:26.732-0300][gc,phases     ] GC(18)   Pre Evacuate Collection Set: 0.0ms
[2021-11-12T02:39:26.732-0300][gc,phases     ] GC(18)   Evacuate Collection Set: 7.4ms
[2021-11-12T02:39:26.732-0300][gc,phases     ] GC(18)   Post Evacuate Collection Set: 0.5ms
[2021-11-12T02:39:26.733-0300][gc,phases     ] GC(18)   Other: 0.2ms
[2021-11-12T02:39:26.733-0300][gc,heap       ] GC(18) Eden regions: 250->0(380)
[2021-11-12T02:39:26.733-0300][gc,heap       ] GC(18) Survivor regions: 4->4(32)
[2021-11-12T02:39:26.733-0300][gc,heap       ] GC(18) Old regions: 15->15
[2021-11-12T02:39:26.733-0300][gc,heap       ] GC(18) Humongous regions: 129->129
[2021-11-12T02:39:26.733-0300][gc,metaspace  ] GC(18) Metaspace: 52426K->52426K(1097728K)
[2021-11-12T02:39:26.733-0300][gc            ] GC(18) Pause Young (Normal) (G1 Evacuation Pause) 397M->146M(1024M) 8.373ms
[2021-11-12T02:39:26.733-0300][gc,cpu        ] GC(18) User=0.03s Sys=0.00s Real=0.01s
[2021-11-12T02:39:30.007-0300][gc,heap,exit  ] Heap
[2021-11-12T02:39:30.007-0300][gc,heap,exit  ]  garbage-first heap   total 1048576K, used 157667K [0x00000007c0000000, 0x0000000800000000)
[2021-11-12T02:39:30.007-0300][gc,heap,exit  ]   region size 1024K, 12 young (12288K), 4 survivors (4096K)
[2021-11-12T02:39:30.007-0300][gc,heap,exit  ]  Metaspace       used 52646K, capacity 55553K, committed 55856K, reserved 1097728K
[2021-11-12T02:39:30.007-0300][gc,heap,exit  ]   class space    used 6557K, capacity 7962K, committed 8064K, reserved 1048576K
