[2021-11-08T17:25:25.790-0300][gc,heap] Heap region size: 1M
[2021-11-08T17:25:25.802-0300][gc     ] Using G1
[2021-11-08T17:25:25.802-0300][gc,heap,coops] Heap address: 0x00000007c0000000, size: 1024 MB, Compressed Oops mode: Zero based, Oop shift amount: 3
[2021-11-08T17:25:27.255-0300][gc,start     ] GC(0) Pause Young (Concurrent Start) (Metadata GC Threshold)
[2021-11-08T17:25:27.255-0300][gc,task      ] GC(0) Using 4 workers of 4 for evacuation
[2021-11-08T17:25:27.267-0300][gc,phases    ] GC(0)   Pre Evacuate Collection Set: 0.0ms
[2021-11-08T17:25:27.267-0300][gc,phases    ] GC(0)   Evacuate Collection Set: 10.9ms
[2021-11-08T17:25:27.267-0300][gc,phases    ] GC(0)   Post Evacuate Collection Set: 0.6ms
[2021-11-08T17:25:27.267-0300][gc,phases    ] GC(0)   Other: 0.6ms
[2021-11-08T17:25:27.267-0300][gc,heap      ] GC(0) Eden regions: 44->0(44)
[2021-11-08T17:25:27.267-0300][gc,heap      ] GC(0) Survivor regions: 0->7(7)
[2021-11-08T17:25:27.267-0300][gc,heap      ] GC(0) Old regions: 0->0
[2021-11-08T17:25:27.267-0300][gc,heap      ] GC(0) Humongous regions: 0->0
[2021-11-08T17:25:27.267-0300][gc,metaspace ] GC(0) Metaspace: 20702K->20702K(1069056K)
[2021-11-08T17:25:27.267-0300][gc           ] GC(0) Pause Young (Concurrent Start) (Metadata GC Threshold) 43M->6M(1024M) 12.409ms
[2021-11-08T17:25:27.267-0300][gc,cpu       ] GC(0) User=0.03s Sys=0.00s Real=0.01s
[2021-11-08T17:25:27.267-0300][gc           ] GC(1) Concurrent Cycle
[2021-11-08T17:25:27.267-0300][gc,marking   ] GC(1) Concurrent Clear Claimed Marks
[2021-11-08T17:25:27.267-0300][gc,marking   ] GC(1) Concurrent Clear Claimed Marks 0.060ms
[2021-11-08T17:25:27.267-0300][gc,marking   ] GC(1) Concurrent Scan Root Regions
[2021-11-08T17:25:27.271-0300][gc,marking   ] GC(1) Concurrent Scan Root Regions 3.888ms
[2021-11-08T17:25:27.271-0300][gc,marking   ] GC(1) Concurrent Mark (1.493s)
[2021-11-08T17:25:27.271-0300][gc,marking   ] GC(1) Concurrent Mark From Roots
[2021-11-08T17:25:27.271-0300][gc,task      ] GC(1) Using 1 workers of 1 for marking
[2021-11-08T17:25:27.272-0300][gc,marking   ] GC(1) Concurrent Mark From Roots 0.167ms
[2021-11-08T17:25:27.272-0300][gc,marking   ] GC(1) Concurrent Preclean
[2021-11-08T17:25:27.272-0300][gc,marking   ] GC(1) Concurrent Preclean 0.032ms
[2021-11-08T17:25:27.272-0300][gc,marking   ] GC(1) Concurrent Mark (1.493s, 1.494s) 0.259ms
[2021-11-08T17:25:27.272-0300][gc,start     ] GC(1) Pause Remark
[2021-11-08T17:25:27.274-0300][gc,stringtable] GC(1) Cleaned string and symbol table, strings: 7191 processed, 0 removed, symbols: 63509 processed, 31 removed
[2021-11-08T17:25:27.274-0300][gc            ] GC(1) Pause Remark 7M->7M(1024M) 2.467ms
[2021-11-08T17:25:27.274-0300][gc,cpu        ] GC(1) User=0.01s Sys=0.00s Real=0.00s
[2021-11-08T17:25:27.274-0300][gc,marking    ] GC(1) Concurrent Rebuild Remembered Sets
[2021-11-08T17:25:27.274-0300][gc,marking    ] GC(1) Concurrent Rebuild Remembered Sets 0.087ms
[2021-11-08T17:25:27.274-0300][gc,start      ] GC(1) Pause Cleanup
[2021-11-08T17:25:27.275-0300][gc            ] GC(1) Pause Cleanup 7M->7M(1024M) 0.163ms
[2021-11-08T17:25:27.275-0300][gc,cpu        ] GC(1) User=0.00s Sys=0.00s Real=0.00s
[2021-11-08T17:25:27.275-0300][gc,marking    ] GC(1) Concurrent Cleanup for Next Mark
[2021-11-08T17:25:27.284-0300][gc,marking    ] GC(1) Concurrent Cleanup for Next Mark 8.912ms
[2021-11-08T17:25:27.284-0300][gc            ] GC(1) Concurrent Cycle 16.444ms
[2021-11-08T17:25:28.395-0300][gc,start      ] GC(2) Pause Young (Normal) (G1 Evacuation Pause)
[2021-11-08T17:25:28.395-0300][gc,task       ] GC(2) Using 4 workers of 4 for evacuation
[2021-11-08T17:25:28.410-0300][gc,phases     ] GC(2)   Pre Evacuate Collection Set: 0.0ms
[2021-11-08T17:25:28.410-0300][gc,phases     ] GC(2)   Evacuate Collection Set: 13.8ms
[2021-11-08T17:25:28.410-0300][gc,phases     ] GC(2)   Post Evacuate Collection Set: 0.7ms
[2021-11-08T17:25:28.410-0300][gc,phases     ] GC(2)   Other: 0.4ms
[2021-11-08T17:25:28.410-0300][gc,heap       ] GC(2) Eden regions: 44->0(49)
[2021-11-08T17:25:28.410-0300][gc,heap       ] GC(2) Survivor regions: 7->2(7)
[2021-11-08T17:25:28.410-0300][gc,heap       ] GC(2) Old regions: 0->7
[2021-11-08T17:25:28.410-0300][gc,heap       ] GC(2) Humongous regions: 0->0
[2021-11-08T17:25:28.410-0300][gc,metaspace  ] GC(2) Metaspace: 30581K->30581K(1077248K)
[2021-11-08T17:25:28.410-0300][gc            ] GC(2) Pause Young (Normal) (G1 Evacuation Pause) 50M->8M(1024M) 15.368ms
[2021-11-08T17:25:28.410-0300][gc,cpu        ] GC(2) User=0.05s Sys=0.01s Real=0.02s
[2021-11-08T17:25:30.164-0300][gc,start      ] GC(3) Pause Young (Concurrent Start) (Metadata GC Threshold)
[2021-11-08T17:25:30.164-0300][gc,task       ] GC(3) Using 4 workers of 4 for evacuation
[2021-11-08T17:25:30.168-0300][gc,phases     ] GC(3)   Pre Evacuate Collection Set: 0.1ms
[2021-11-08T17:25:30.168-0300][gc,phases     ] GC(3)   Evacuate Collection Set: 3.9ms
[2021-11-08T17:25:30.168-0300][gc,phases     ] GC(3)   Post Evacuate Collection Set: 0.4ms
[2021-11-08T17:25:30.169-0300][gc,phases     ] GC(3)   Other: 0.2ms
[2021-11-08T17:25:30.169-0300][gc,heap       ] GC(3) Eden regions: 28->0(48)
[2021-11-08T17:25:30.169-0300][gc,heap       ] GC(3) Survivor regions: 2->3(7)
[2021-11-08T17:25:30.169-0300][gc,heap       ] GC(3) Old regions: 7->7
[2021-11-08T17:25:30.169-0300][gc,heap       ] GC(3) Humongous regions: 129->129
[2021-11-08T17:25:30.169-0300][gc,metaspace  ] GC(3) Metaspace: 34479K->34479K(1081344K)
[2021-11-08T17:25:30.169-0300][gc            ] GC(3) Pause Young (Concurrent Start) (Metadata GC Threshold) 165M->138M(1024M) 4.699ms
[2021-11-08T17:25:30.169-0300][gc,cpu        ] GC(3) User=0.01s Sys=0.00s Real=0.00s
[2021-11-08T17:25:30.169-0300][gc            ] GC(4) Concurrent Cycle
[2021-11-08T17:25:30.169-0300][gc,marking    ] GC(4) Concurrent Clear Claimed Marks
[2021-11-08T17:25:30.169-0300][gc,marking    ] GC(4) Concurrent Clear Claimed Marks 0.084ms
[2021-11-08T17:25:30.169-0300][gc,marking    ] GC(4) Concurrent Scan Root Regions
[2021-11-08T17:25:30.173-0300][gc,marking    ] GC(4) Concurrent Scan Root Regions 4.540ms
[2021-11-08T17:25:30.173-0300][gc,marking    ] GC(4) Concurrent Mark (4.396s)
[2021-11-08T17:25:30.173-0300][gc,marking    ] GC(4) Concurrent Mark From Roots
[2021-11-08T17:25:30.173-0300][gc,task       ] GC(4) Using 1 workers of 1 for marking
[2021-11-08T17:25:30.184-0300][gc,marking    ] GC(4) Concurrent Mark From Roots 10.367ms
[2021-11-08T17:25:30.184-0300][gc,marking    ] GC(4) Concurrent Preclean
[2021-11-08T17:25:30.184-0300][gc,marking    ] GC(4) Concurrent Preclean 0.116ms
[2021-11-08T17:25:30.184-0300][gc,marking    ] GC(4) Concurrent Mark (4.396s, 4.406s) 10.587ms
[2021-11-08T17:25:30.184-0300][gc,start      ] GC(4) Pause Remark
[2021-11-08T17:25:30.189-0300][gc,stringtable] GC(4) Cleaned string and symbol table, strings: 10646 processed, 8 removed, symbols: 94538 processed, 24 removed
[2021-11-08T17:25:30.189-0300][gc            ] GC(4) Pause Remark 139M->139M(1024M) 4.535ms
[2021-11-08T17:25:30.189-0300][gc,cpu        ] GC(4) User=0.01s Sys=0.00s Real=0.00s
[2021-11-08T17:25:30.189-0300][gc,marking    ] GC(4) Concurrent Rebuild Remembered Sets
[2021-11-08T17:25:30.197-0300][gc,marking    ] GC(4) Concurrent Rebuild Remembered Sets 8.481ms
[2021-11-08T17:25:30.198-0300][gc,start      ] GC(4) Pause Cleanup
[2021-11-08T17:25:30.198-0300][gc            ] GC(4) Pause Cleanup 139M->139M(1024M) 0.196ms
[2021-11-08T17:25:30.198-0300][gc,cpu        ] GC(4) User=0.00s Sys=0.00s Real=0.00s
[2021-11-08T17:25:30.198-0300][gc,marking    ] GC(4) Concurrent Cleanup for Next Mark
[2021-11-08T17:25:30.209-0300][gc,marking    ] GC(4) Concurrent Cleanup for Next Mark 11.371ms
[2021-11-08T17:25:30.210-0300][gc            ] GC(4) Concurrent Cycle 40.898ms
[2021-11-08T17:25:33.107-0300][gc,heap,exit  ] Heap
[2021-11-08T17:25:33.107-0300][gc,heap,exit  ]  garbage-first heap   total 1048576K, used 174563K [0x00000007c0000000, 0x0000000800000000)
[2021-11-08T17:25:33.107-0300][gc,heap,exit  ]   region size 1024K, 36 young (36864K), 3 survivors (3072K)
[2021-11-08T17:25:33.107-0300][gc,heap,exit  ]  Metaspace       used 38848K, capacity 40096K, committed 40368K, reserved 1085440K
[2021-11-08T17:25:33.108-0300][gc,heap,exit  ]   class space    used 4500K, capacity 5084K, committed 5120K, reserved 1048576K
