[2021-11-08T15:50:47.410-0300][gc,heap] Heap region size: 1M
[2021-11-08T15:50:47.418-0300][gc     ] Using G1
[2021-11-08T15:50:47.418-0300][gc,heap,coops] Heap address: 0x00000007e0000000, size: 512 MB, Compressed Oops mode: Zero based, Oop shift amount: 3
[2021-11-08T15:50:48.605-0300][gc,start     ] GC(0) Pause Young (Normal) (G1 Evacuation Pause)
[2021-11-08T15:50:48.605-0300][gc,task      ] GC(0) Using 4 workers of 4 for evacuation
[2021-11-08T15:50:48.613-0300][gc,phases    ] GC(0)   Pre Evacuate Collection Set: 0.0ms
[2021-11-08T15:50:48.613-0300][gc,phases    ] GC(0)   Evacuate Collection Set: 7.5ms
[2021-11-08T15:50:48.613-0300][gc,phases    ] GC(0)   Post Evacuate Collection Set: 0.6ms
[2021-11-08T15:50:48.613-0300][gc,phases    ] GC(0)   Other: 0.5ms
[2021-11-08T15:50:48.613-0300][gc,heap      ] GC(0) Eden regions: 25->0(21)
[2021-11-08T15:50:48.613-0300][gc,heap      ] GC(0) Survivor regions: 0->4(4)
[2021-11-08T15:50:48.613-0300][gc,heap      ] GC(0) Old regions: 0->4
[2021-11-08T15:50:48.613-0300][gc,heap      ] GC(0) Humongous regions: 0->0
[2021-11-08T15:50:48.613-0300][gc,metaspace ] GC(0) Metaspace: 15214K->15214K(1062912K)
[2021-11-08T15:50:48.613-0300][gc           ] GC(0) Pause Young (Normal) (G1 Evacuation Pause) 25M->7M(512M) 8.849ms
[2021-11-08T15:50:48.613-0300][gc,cpu       ] GC(0) User=0.02s Sys=0.01s Real=0.01s
[2021-11-08T15:56:29.235-0300][gc,heap,exit ] Heap
[2021-11-08T15:56:29.235-0300][gc,heap,exit ]  garbage-first heap   total 524288K, used 15609K [0x00000007e0000000, 0x0000000800000000)
[2021-11-08T15:56:29.235-0300][gc,heap,exit ]   region size 1024K, 13 young (13312K), 4 survivors (4096K)
[2021-11-08T15:56:29.235-0300][gc,heap,exit ]  Metaspace       used 16537K, capacity 16845K, committed 17152K, reserved 1064960K
[2021-11-08T15:56:29.235-0300][gc,heap,exit ]   class space    used 1666K, capacity 1786K, committed 1792K, reserved 1048576K
