[2021-11-08T17:37:38.938-0300][gc,heap] Heap region size: 1M
[2021-11-08T17:37:38.944-0300][gc     ] Using G1
[2021-11-08T17:37:38.944-0300][gc,heap,coops] Heap address: 0x00000007e0000000, size: 512 MB, Compressed Oops mode: Zero based, Oop shift amount: 3
[2021-11-08T17:37:40.187-0300][gc,start     ] GC(0) Pause Young (Normal) (G1 Evacuation Pause)
[2021-11-08T17:37:40.187-0300][gc,task      ] GC(0) Using 4 workers of 4 for evacuation
[2021-11-08T17:37:40.195-0300][gc,phases    ] GC(0)   Pre Evacuate Collection Set: 0.0ms
[2021-11-08T17:37:40.195-0300][gc,phases    ] GC(0)   Evacuate Collection Set: 7.2ms
[2021-11-08T17:37:40.195-0300][gc,phases    ] GC(0)   Post Evacuate Collection Set: 0.6ms
[2021-11-08T17:37:40.195-0300][gc,phases    ] GC(0)   Other: 0.5ms
[2021-11-08T17:37:40.195-0300][gc,heap      ] GC(0) Eden regions: 25->0(21)
[2021-11-08T17:37:40.195-0300][gc,heap      ] GC(0) Survivor regions: 0->4(4)
[2021-11-08T17:37:40.195-0300][gc,heap      ] GC(0) Old regions: 0->4
[2021-11-08T17:37:40.195-0300][gc,heap      ] GC(0) Humongous regions: 0->0
[2021-11-08T17:37:40.195-0300][gc,metaspace ] GC(0) Metaspace: 15215K->15215K(1062912K)
[2021-11-08T17:37:40.195-0300][gc           ] GC(0) Pause Young (Normal) (G1 Evacuation Pause) 25M->7M(512M) 8.644ms
[2021-11-08T17:37:40.195-0300][gc,cpu       ] GC(0) User=0.03s Sys=0.01s Real=0.01s
[2021-11-08T21:28:28.012-0300][gc,start     ] GC(1) Pause Young (Normal) (G1 Evacuation Pause)
[2021-11-08T21:28:28.012-0300][gc,task      ] GC(1) Using 4 workers of 4 for evacuation
[2021-11-08T21:28:28.020-0300][gc,phases    ] GC(1)   Pre Evacuate Collection Set: 0.0ms
[2021-11-08T21:28:28.020-0300][gc,phases    ] GC(1)   Evacuate Collection Set: 7.6ms
[2021-11-08T21:28:28.020-0300][gc,phases    ] GC(1)   Post Evacuate Collection Set: 0.5ms
[2021-11-08T21:28:28.020-0300][gc,phases    ] GC(1)   Other: 0.4ms
[2021-11-08T21:28:28.020-0300][gc,heap      ] GC(1) Eden regions: 21->0(24)
[2021-11-08T21:28:28.020-0300][gc,heap      ] GC(1) Survivor regions: 4->1(4)
[2021-11-08T21:28:28.020-0300][gc,heap      ] GC(1) Old regions: 4->8
[2021-11-08T21:28:28.020-0300][gc,heap      ] GC(1) Humongous regions: 0->0
[2021-11-08T21:28:28.020-0300][gc,metaspace ] GC(1) Metaspace: 17002K->17002K(1064960K)
[2021-11-08T21:28:28.020-0300][gc           ] GC(1) Pause Young (Normal) (G1 Evacuation Pause) 28M->7M(512M) 8.733ms
[2021-11-08T21:28:28.020-0300][gc,cpu       ] GC(1) User=0.03s Sys=0.01s Real=0.01s
[2021-11-09T15:58:23.043-0300][gc,start     ] GC(2) Pause Young (Normal) (G1 Evacuation Pause)
[2021-11-09T15:58:23.047-0300][gc,task      ] GC(2) Using 4 workers of 4 for evacuation
[2021-11-09T15:58:23.049-0300][gc,phases    ] GC(2)   Pre Evacuate Collection Set: 0.0ms
[2021-11-09T15:58:23.049-0300][gc,phases    ] GC(2)   Evacuate Collection Set: 1.6ms
[2021-11-09T15:58:23.049-0300][gc,phases    ] GC(2)   Post Evacuate Collection Set: 0.2ms
[2021-11-09T15:58:23.049-0300][gc,phases    ] GC(2)   Other: 3.7ms
[2021-11-09T15:58:23.049-0300][gc,heap      ] GC(2) Eden regions: 24->0(24)
[2021-11-09T15:58:23.049-0300][gc,heap      ] GC(2) Survivor regions: 1->1(4)
[2021-11-09T15:58:23.049-0300][gc,heap      ] GC(2) Old regions: 8->8
[2021-11-09T15:58:23.049-0300][gc,heap      ] GC(2) Humongous regions: 0->0
[2021-11-09T15:58:23.049-0300][gc,metaspace ] GC(2) Metaspace: 17023K->17023K(1064960K)
[2021-11-09T15:58:23.049-0300][gc           ] GC(2) Pause Young (Normal) (G1 Evacuation Pause) 31M->7M(512M) 5.767ms
[2021-11-09T15:58:23.049-0300][gc,cpu       ] GC(2) User=0.00s Sys=0.00s Real=0.00s
[2021-11-09T23:49:06.917-0300][gc,start     ] GC(3) Pause Young (Normal) (G1 Evacuation Pause)
[2021-11-09T23:49:06.917-0300][gc,task      ] GC(3) Using 4 workers of 4 for evacuation
[2021-11-09T23:49:06.919-0300][gc,phases    ] GC(3)   Pre Evacuate Collection Set: 0.0ms
[2021-11-09T23:49:06.919-0300][gc,phases    ] GC(3)   Evacuate Collection Set: 1.7ms
[2021-11-09T23:49:06.919-0300][gc,phases    ] GC(3)   Post Evacuate Collection Set: 0.3ms
[2021-11-09T23:49:06.919-0300][gc,phases    ] GC(3)   Other: 0.2ms
[2021-11-09T23:49:06.919-0300][gc,heap      ] GC(3) Eden regions: 24->0(24)
[2021-11-09T23:49:06.919-0300][gc,heap      ] GC(3) Survivor regions: 1->1(4)
[2021-11-09T23:49:06.919-0300][gc,heap      ] GC(3) Old regions: 8->8
[2021-11-09T23:49:06.919-0300][gc,heap      ] GC(3) Humongous regions: 0->0
[2021-11-09T23:49:06.919-0300][gc,metaspace ] GC(3) Metaspace: 17023K->17023K(1064960K)
[2021-11-09T23:49:06.919-0300][gc           ] GC(3) Pause Young (Normal) (G1 Evacuation Pause) 31M->7M(512M) 2.469ms
[2021-11-09T23:49:06.919-0300][gc,cpu       ] GC(3) User=0.01s Sys=0.00s Real=0.00s
[2021-11-10T19:14:09.637-0300][gc,start     ] GC(4) Pause Young (Normal) (G1 Evacuation Pause)
[2021-11-10T19:14:09.641-0300][gc,task      ] GC(4) Using 4 workers of 4 for evacuation
[2021-11-10T19:14:09.642-0300][gc,phases    ] GC(4)   Pre Evacuate Collection Set: 0.0ms
[2021-11-10T19:14:09.642-0300][gc,phases    ] GC(4)   Evacuate Collection Set: 1.3ms
[2021-11-10T19:14:09.642-0300][gc,phases    ] GC(4)   Post Evacuate Collection Set: 0.2ms
[2021-11-10T19:14:09.642-0300][gc,phases    ] GC(4)   Other: 3.3ms
[2021-11-10T19:14:09.642-0300][gc,heap      ] GC(4) Eden regions: 24->0(24)
[2021-11-10T19:14:09.642-0300][gc,heap      ] GC(4) Survivor regions: 1->1(4)
[2021-11-10T19:14:09.642-0300][gc,heap      ] GC(4) Old regions: 8->8
[2021-11-10T19:14:09.642-0300][gc,heap      ] GC(4) Humongous regions: 0->0
[2021-11-10T19:14:09.642-0300][gc,metaspace ] GC(4) Metaspace: 17030K->17030K(1064960K)
[2021-11-10T19:14:09.643-0300][gc           ] GC(4) Pause Young (Normal) (G1 Evacuation Pause) 31M->7M(512M) 5.053ms
[2021-11-10T19:14:09.643-0300][gc,cpu       ] GC(4) User=0.01s Sys=0.00s Real=0.01s
[2021-11-11T14:02:08.070-0300][gc,heap,exit ] Heap
[2021-11-11T14:02:08.071-0300][gc,heap,exit ]  garbage-first heap   total 524288K, used 25449K [0x00000007e0000000, 0x0000000800000000)
[2021-11-11T14:02:08.071-0300][gc,heap,exit ]   region size 1024K, 19 young (19456K), 1 survivors (1024K)
[2021-11-11T14:02:08.071-0300][gc,heap,exit ]  Metaspace       used 17150K, capacity 17521K, committed 17792K, reserved 1064960K
[2021-11-11T14:02:08.071-0300][gc,heap,exit ]   class space    used 1687K, capacity 1818K, committed 1920K, reserved 1048576K
