[2021-11-07T17:51:38.215-0300][gc,heap] Heap region size: 1M
[2021-11-07T17:51:38.221-0300][gc     ] Using G1
[2021-11-07T17:51:38.221-0300][gc,heap,coops] Heap address: 0x00000007e0000000, size: 512 MB, Compressed Oops mode: Zero based, Oop shift amount: 3
[2021-11-07T17:51:39.507-0300][gc,start     ] GC(0) Pause Young (Normal) (G1 Evacuation Pause)
[2021-11-07T17:51:39.507-0300][gc,task      ] GC(0) Using 4 workers of 4 for evacuation
[2021-11-07T17:51:39.518-0300][gc,phases    ] GC(0)   Pre Evacuate Collection Set: 0.0ms
[2021-11-07T17:51:39.518-0300][gc,phases    ] GC(0)   Evacuate Collection Set: 9.5ms
[2021-11-07T17:51:39.518-0300][gc,phases    ] GC(0)   Post Evacuate Collection Set: 0.5ms
[2021-11-07T17:51:39.518-0300][gc,phases    ] GC(0)   Other: 0.6ms
[2021-11-07T17:51:39.518-0300][gc,heap      ] GC(0) Eden regions: 25->0(21)
[2021-11-07T17:51:39.518-0300][gc,heap      ] GC(0) Survivor regions: 0->4(4)
[2021-11-07T17:51:39.518-0300][gc,heap      ] GC(0) Old regions: 0->4
[2021-11-07T17:51:39.518-0300][gc,heap      ] GC(0) Humongous regions: 0->0
[2021-11-07T17:51:39.518-0300][gc,metaspace ] GC(0) Metaspace: 15224K->15224K(1062912K)
[2021-11-07T17:51:39.518-0300][gc           ] GC(0) Pause Young (Normal) (G1 Evacuation Pause) 25M->7M(512M) 10.861ms
[2021-11-07T17:51:39.518-0300][gc,cpu       ] GC(0) User=0.04s Sys=0.00s Real=0.01s
[2021-11-07T22:31:56.335-0300][gc,start     ] GC(1) Pause Young (Normal) (G1 Evacuation Pause)
[2021-11-07T22:31:56.339-0300][gc,task      ] GC(1) Using 4 workers of 4 for evacuation
[2021-11-07T22:31:56.358-0300][gc,phases    ] GC(1)   Pre Evacuate Collection Set: 0.7ms
[2021-11-07T22:31:56.358-0300][gc,phases    ] GC(1)   Evacuate Collection Set: 16.5ms
[2021-11-07T22:31:56.358-0300][gc,phases    ] GC(1)   Post Evacuate Collection Set: 1.1ms
[2021-11-07T22:31:56.358-0300][gc,phases    ] GC(1)   Other: 4.1ms
[2021-11-07T22:31:56.358-0300][gc,heap      ] GC(1) Eden regions: 21->0(24)
[2021-11-07T22:31:56.358-0300][gc,heap      ] GC(1) Survivor regions: 4->1(4)
[2021-11-07T22:31:56.358-0300][gc,heap      ] GC(1) Old regions: 4->8
[2021-11-07T22:31:56.358-0300][gc,heap      ] GC(1) Humongous regions: 0->0
[2021-11-07T22:31:56.358-0300][gc,metaspace ] GC(1) Metaspace: 17003K->17003K(1064960K)
[2021-11-07T22:31:56.358-0300][gc           ] GC(1) Pause Young (Normal) (G1 Evacuation Pause) 28M->7M(512M) 22.567ms
[2021-11-07T22:31:56.358-0300][gc,cpu       ] GC(1) User=0.03s Sys=0.03s Real=0.02s
[2021-11-08T13:13:21.069-0300][gc,start     ] GC(2) Pause Young (Normal) (G1 Evacuation Pause)
[2021-11-08T13:13:21.072-0300][gc,task      ] GC(2) Using 4 workers of 4 for evacuation
[2021-11-08T13:13:21.075-0300][gc,phases    ] GC(2)   Pre Evacuate Collection Set: 0.0ms
[2021-11-08T13:13:21.075-0300][gc,phases    ] GC(2)   Evacuate Collection Set: 1.8ms
[2021-11-08T13:13:21.075-0300][gc,phases    ] GC(2)   Post Evacuate Collection Set: 0.3ms
[2021-11-08T13:13:21.075-0300][gc,phases    ] GC(2)   Other: 4.0ms
[2021-11-08T13:13:21.075-0300][gc,heap      ] GC(2) Eden regions: 24->0(24)
[2021-11-08T13:13:21.075-0300][gc,heap      ] GC(2) Survivor regions: 1->1(4)
[2021-11-08T13:13:21.075-0300][gc,heap      ] GC(2) Old regions: 8->8
[2021-11-08T13:13:21.075-0300][gc,heap      ] GC(2) Humongous regions: 0->0
[2021-11-08T13:13:21.075-0300][gc,metaspace ] GC(2) Metaspace: 17013K->17013K(1064960K)
[2021-11-08T13:13:21.075-0300][gc           ] GC(2) Pause Young (Normal) (G1 Evacuation Pause) 31M->7M(512M) 6.273ms
[2021-11-08T13:13:21.075-0300][gc,cpu       ] GC(2) User=0.01s Sys=0.00s Real=0.01s
[2021-11-08T15:16:05.032-0300][gc,heap,exit ] Heap
[2021-11-08T15:16:05.035-0300][gc,heap,exit ]  garbage-first heap   total 524288K, used 14093K [0x00000007e0000000, 0x0000000800000000)
[2021-11-08T15:16:05.036-0300][gc,heap,exit ]   region size 1024K, 8 young (8192K), 1 survivors (1024K)
[2021-11-08T15:16:05.036-0300][gc,heap,exit ]  Metaspace       used 17024K, capacity 17389K, committed 17792K, reserved 1064960K
[2021-11-08T15:16:05.036-0300][gc,heap,exit ]   class space    used 1681K, capacity 1818K, committed 1920K, reserved 1048576K
