[2021-11-12T02:40:06.127-0300][gc,heap] Heap region size: 1M
[2021-11-12T02:40:06.135-0300][gc     ] Using G1
[2021-11-12T02:40:06.135-0300][gc,heap,coops] Heap address: 0x00000007e0000000, size: 512 MB, Compressed Oops mode: Zero based, Oop shift amount: 3
[2021-11-12T02:40:07.504-0300][gc,start     ] GC(0) Pause Young (Normal) (G1 Evacuation Pause)
[2021-11-12T02:40:07.504-0300][gc,task      ] GC(0) Using 4 workers of 4 for evacuation
[2021-11-12T02:40:07.512-0300][gc,phases    ] GC(0)   Pre Evacuate Collection Set: 0.0ms
[2021-11-12T02:40:07.512-0300][gc,phases    ] GC(0)   Evacuate Collection Set: 7.2ms
[2021-11-12T02:40:07.512-0300][gc,phases    ] GC(0)   Post Evacuate Collection Set: 0.4ms
[2021-11-12T02:40:07.512-0300][gc,phases    ] GC(0)   Other: 0.6ms
[2021-11-12T02:40:07.512-0300][gc,heap      ] GC(0) Eden regions: 25->0(21)
[2021-11-12T02:40:07.512-0300][gc,heap      ] GC(0) Survivor regions: 0->4(4)
[2021-11-12T02:40:07.512-0300][gc,heap      ] GC(0) Old regions: 0->4
[2021-11-12T02:40:07.512-0300][gc,heap      ] GC(0) Humongous regions: 0->0
[2021-11-12T02:40:07.512-0300][gc,metaspace ] GC(0) Metaspace: 15232K->15232K(1062912K)
[2021-11-12T02:40:07.512-0300][gc           ] GC(0) Pause Young (Normal) (G1 Evacuation Pause) 25M->7M(512M) 8.448ms
[2021-11-12T02:40:07.512-0300][gc,cpu       ] GC(0) User=0.02s Sys=0.00s Real=0.01s
[2021-11-12T15:48:15.899-0300][gc,start     ] GC(1) Pause Young (Normal) (G1 Evacuation Pause)
[2021-11-12T15:48:15.899-0300][gc,task      ] GC(1) Using 4 workers of 4 for evacuation
[2021-11-12T15:48:15.907-0300][gc,phases    ] GC(1)   Pre Evacuate Collection Set: 0.0ms
[2021-11-12T15:48:15.907-0300][gc,phases    ] GC(1)   Evacuate Collection Set: 7.7ms
[2021-11-12T15:48:15.907-0300][gc,phases    ] GC(1)   Post Evacuate Collection Set: 0.5ms
[2021-11-12T15:48:15.907-0300][gc,phases    ] GC(1)   Other: 0.5ms
[2021-11-12T15:48:15.907-0300][gc,heap      ] GC(1) Eden regions: 21->0(24)
[2021-11-12T15:48:15.907-0300][gc,heap      ] GC(1) Survivor regions: 4->1(4)
[2021-11-12T15:48:15.907-0300][gc,heap      ] GC(1) Old regions: 4->8
[2021-11-12T15:48:15.908-0300][gc,heap      ] GC(1) Humongous regions: 0->0
[2021-11-12T15:48:15.908-0300][gc,metaspace ] GC(1) Metaspace: 17002K->17002K(1064960K)
[2021-11-12T15:48:15.908-0300][gc           ] GC(1) Pause Young (Normal) (G1 Evacuation Pause) 28M->7M(512M) 9.033ms
[2021-11-12T15:48:15.908-0300][gc,cpu       ] GC(1) User=0.02s Sys=0.00s Real=0.01s
[2021-11-12T22:43:37.339-0300][gc,heap,exit ] Heap
[2021-11-12T22:43:37.342-0300][gc,heap,exit ]  garbage-first heap   total 524288K, used 29667K [0x00000007e0000000, 0x0000000800000000)
[2021-11-12T22:43:37.342-0300][gc,heap,exit ]   region size 1024K, 23 young (23552K), 1 survivors (1024K)
[2021-11-12T22:43:37.342-0300][gc,heap,exit ]  Metaspace       used 17017K, capacity 17389K, committed 17792K, reserved 1064960K
[2021-11-12T22:43:37.342-0300][gc,heap,exit ]   class space    used 1681K, capacity 1818K, committed 1920K, reserved 1048576K
