[2021-11-06T15:10:28.624-0300][gc,heap] Heap region size: 1M
[2021-11-06T15:10:28.630-0300][gc     ] Using G1
[2021-11-06T15:10:28.630-0300][gc,heap,coops] Heap address: 0x00000007e0000000, size: 512 MB, Compressed Oops mode: Zero based, Oop shift amount: 3
[2021-11-06T15:10:29.779-0300][gc,start     ] GC(0) Pause Young (Normal) (G1 Evacuation Pause)
[2021-11-06T15:10:29.779-0300][gc,task      ] GC(0) Using 4 workers of 4 for evacuation
[2021-11-06T15:10:29.790-0300][gc,phases    ] GC(0)   Pre Evacuate Collection Set: 0.0ms
[2021-11-06T15:10:29.790-0300][gc,phases    ] GC(0)   Evacuate Collection Set: 9.9ms
[2021-11-06T15:10:29.790-0300][gc,phases    ] GC(0)   Post Evacuate Collection Set: 0.5ms
[2021-11-06T15:10:29.790-0300][gc,phases    ] GC(0)   Other: 0.6ms
[2021-11-06T15:10:29.790-0300][gc,heap      ] GC(0) Eden regions: 25->0(21)
[2021-11-06T15:10:29.790-0300][gc,heap      ] GC(0) Survivor regions: 0->4(4)
[2021-11-06T15:10:29.790-0300][gc,heap      ] GC(0) Old regions: 0->4
[2021-11-06T15:10:29.790-0300][gc,heap      ] GC(0) Humongous regions: 0->0
[2021-11-06T15:10:29.790-0300][gc,metaspace ] GC(0) Metaspace: 15220K->15220K(1062912K)
[2021-11-06T15:10:29.790-0300][gc           ] GC(0) Pause Young (Normal) (G1 Evacuation Pause) 25M->7M(512M) 11.149ms
[2021-11-06T15:10:29.790-0300][gc,cpu       ] GC(0) User=0.04s Sys=0.01s Real=0.02s
[2021-11-06T20:59:39.232-0300][gc,start     ] GC(1) Pause Young (Normal) (G1 Evacuation Pause)
[2021-11-06T20:59:39.236-0300][gc,task      ] GC(1) Using 4 workers of 4 for evacuation
[2021-11-06T20:59:39.244-0300][gc,phases    ] GC(1)   Pre Evacuate Collection Set: 0.0ms
[2021-11-06T20:59:39.244-0300][gc,phases    ] GC(1)   Evacuate Collection Set: 8.1ms
[2021-11-06T20:59:39.244-0300][gc,phases    ] GC(1)   Post Evacuate Collection Set: 0.5ms
[2021-11-06T20:59:39.244-0300][gc,phases    ] GC(1)   Other: 3.9ms
[2021-11-06T20:59:39.244-0300][gc,heap      ] GC(1) Eden regions: 21->0(24)
[2021-11-06T20:59:39.244-0300][gc,heap      ] GC(1) Survivor regions: 4->1(4)
[2021-11-06T20:59:39.245-0300][gc,heap      ] GC(1) Old regions: 4->8
[2021-11-06T20:59:39.245-0300][gc,heap      ] GC(1) Humongous regions: 0->0
[2021-11-06T20:59:39.245-0300][gc,metaspace ] GC(1) Metaspace: 17095K->17095K(1064960K)
[2021-11-06T20:59:39.245-0300][gc           ] GC(1) Pause Young (Normal) (G1 Evacuation Pause) 28M->8M(512M) 12.750ms
[2021-11-06T20:59:39.245-0300][gc,cpu       ] GC(1) User=0.03s Sys=0.01s Real=0.01s
[2021-11-06T23:29:39.003-0300][gc,heap,exit ] Heap
[2021-11-06T23:29:39.006-0300][gc,heap,exit ]  garbage-first heap   total 524288K, used 16390K [0x00000007e0000000, 0x0000000800000000)
[2021-11-06T23:29:39.006-0300][gc,heap,exit ]   region size 1024K, 10 young (10240K), 1 survivors (1024K)
[2021-11-06T23:29:39.006-0300][gc,heap,exit ]  Metaspace       used 17116K, capacity 17518K, committed 17792K, reserved 1064960K
[2021-11-06T23:29:39.006-0300][gc,heap,exit ]   class space    used 1685K, capacity 1818K, committed 1920K, reserved 1048576K
