[2021-11-11T14:57:32.894-0300][gc,heap] Heap region size: 1M
[2021-11-11T14:57:32.901-0300][gc     ] Using G1
[2021-11-11T14:57:32.901-0300][gc,heap,coops] Heap address: 0x00000007e0000000, size: 512 MB, Compressed Oops mode: Zero based, Oop shift amount: 3
[2021-11-11T14:57:34.356-0300][gc,start     ] GC(0) Pause Young (Normal) (G1 Evacuation Pause)
[2021-11-11T14:57:34.357-0300][gc,task      ] GC(0) Using 4 workers of 4 for evacuation
[2021-11-11T14:57:34.367-0300][gc,phases    ] GC(0)   Pre Evacuate Collection Set: 0.0ms
[2021-11-11T14:57:34.367-0300][gc,phases    ] GC(0)   Evacuate Collection Set: 9.3ms
[2021-11-11T14:57:34.367-0300][gc,phases    ] GC(0)   Post Evacuate Collection Set: 0.5ms
[2021-11-11T14:57:34.367-0300][gc,phases    ] GC(0)   Other: 0.5ms
[2021-11-11T14:57:34.367-0300][gc,heap      ] GC(0) Eden regions: 25->0(21)
[2021-11-11T14:57:34.367-0300][gc,heap      ] GC(0) Survivor regions: 0->4(4)
[2021-11-11T14:57:34.367-0300][gc,heap      ] GC(0) Old regions: 0->4
[2021-11-11T14:57:34.367-0300][gc,heap      ] GC(0) Humongous regions: 0->0
[2021-11-11T14:57:34.367-0300][gc,metaspace ] GC(0) Metaspace: 15201K->15201K(1062912K)
[2021-11-11T14:57:34.367-0300][gc           ] GC(0) Pause Young (Normal) (G1 Evacuation Pause) 25M->7M(512M) 10.575ms
[2021-11-11T14:57:34.367-0300][gc,cpu       ] GC(0) User=0.04s Sys=0.01s Real=0.01s
[2021-11-11T18:29:02.840-0300][gc,start     ] GC(1) Pause Young (Normal) (G1 Evacuation Pause)
[2021-11-11T18:29:02.844-0300][gc,task      ] GC(1) Using 4 workers of 4 for evacuation
[2021-11-11T18:29:02.866-0300][gc,mmu       ] GC(1) MMU target violated: 21.0ms (20.0ms/21.0ms)
[2021-11-11T18:29:02.866-0300][gc,phases    ] GC(1)   Pre Evacuate Collection Set: 0.9ms
[2021-11-11T18:29:02.866-0300][gc,phases    ] GC(1)   Evacuate Collection Set: 20.5ms
[2021-11-11T18:29:02.866-0300][gc,phases    ] GC(1)   Post Evacuate Collection Set: 0.5ms
[2021-11-11T18:29:02.866-0300][gc,phases    ] GC(1)   Other: 4.4ms
[2021-11-11T18:29:02.866-0300][gc,heap      ] GC(1) Eden regions: 21->0(24)
[2021-11-11T18:29:02.866-0300][gc,heap      ] GC(1) Survivor regions: 4->1(4)
[2021-11-11T18:29:02.866-0300][gc,heap      ] GC(1) Old regions: 4->8
[2021-11-11T18:29:02.866-0300][gc,heap      ] GC(1) Humongous regions: 0->0
[2021-11-11T18:29:02.866-0300][gc,metaspace ] GC(1) Metaspace: 17081K->17081K(1064960K)
[2021-11-11T18:29:02.867-0300][gc           ] GC(1) Pause Young (Normal) (G1 Evacuation Pause) 28M->7M(512M) 26.341ms
[2021-11-11T18:29:02.867-0300][gc,cpu       ] GC(1) User=0.03s Sys=0.04s Real=0.02s
[2021-11-12T02:16:39.679-0300][gc,start     ] GC(2) Pause Young (Normal) (G1 Evacuation Pause)
[2021-11-12T02:16:39.679-0300][gc,task      ] GC(2) Using 4 workers of 4 for evacuation
[2021-11-12T02:16:39.685-0300][gc,phases    ] GC(2)   Pre Evacuate Collection Set: 0.0ms
[2021-11-12T02:16:39.685-0300][gc,phases    ] GC(2)   Evacuate Collection Set: 4.4ms
[2021-11-12T02:16:39.685-0300][gc,phases    ] GC(2)   Post Evacuate Collection Set: 1.0ms
[2021-11-12T02:16:39.685-0300][gc,phases    ] GC(2)   Other: 0.6ms
[2021-11-12T02:16:39.685-0300][gc,heap      ] GC(2) Eden regions: 24->0(24)
[2021-11-12T02:16:39.685-0300][gc,heap      ] GC(2) Survivor regions: 1->1(4)
[2021-11-12T02:16:39.685-0300][gc,heap      ] GC(2) Old regions: 8->8
[2021-11-12T02:16:39.685-0300][gc,heap      ] GC(2) Humongous regions: 0->0
[2021-11-12T02:16:39.685-0300][gc,metaspace ] GC(2) Metaspace: 17092K->17092K(1064960K)
[2021-11-12T02:16:39.685-0300][gc           ] GC(2) Pause Young (Normal) (G1 Evacuation Pause) 31M->7M(512M) 6.267ms
[2021-11-12T02:16:39.685-0300][gc,cpu       ] GC(2) User=0.01s Sys=0.00s Real=0.01s
[2021-11-12T02:39:19.341-0300][gc,heap,exit ] Heap
[2021-11-12T02:39:19.341-0300][gc,heap,exit ]  garbage-first heap   total 524288K, used 9995K [0x00000007e0000000, 0x0000000800000000)
[2021-11-12T02:39:19.342-0300][gc,heap,exit ]   region size 1024K, 4 young (4096K), 1 survivors (1024K)
[2021-11-12T02:39:19.342-0300][gc,heap,exit ]  Metaspace       used 17103K, capacity 17453K, committed 17792K, reserved 1064960K
[2021-11-12T02:39:19.342-0300][gc,heap,exit ]   class space    used 1686K, capacity 1818K, committed 1920K, reserved 1048576K
